Archive member included because of file (symbol)

C:/Freescale/CW MCU v10.6/MCU/ARM_GCC_Support/ewl/lib/armv6-m\libc.a(exit.o)
                              ./Project_Settings/Startup_Code/__arm_start.o (exit)
C:/Freescale/CW MCU v10.6/MCU/ARM_GCC_Support/ewl/lib/armv6-m\libc.a(memset.o)
                              ./Project_Settings/Startup_Code/__arm_start.o (memset)
C:/Freescale/CW MCU v10.6/MCU/ARM_GCC_Support/ewl/lib/armv6-m\libc.a(printformat_.o)
                              (__pformatter_)
C:/Freescale/CW MCU v10.6/MCU/ARM_GCC_Support/ewl/lib/armv6-m\libc.a(scanformat_.o)
                              (__sformatter)
C:/Freescale/CW MCU v10.6/MCU/ARM_GCC_Support/ewl/lib/armv6-m\libc.a(ctype_aeabi.o)
                              C:/Freescale/CW MCU v10.6/MCU/ARM_GCC_Support/ewl/lib/armv6-m\libc.a(scanformat_.o) (isspace)
C:/Freescale/CW MCU v10.6/MCU/ARM_GCC_Support/ewl/lib/armv6-m\libc.a(__strtoul.o)
                              C:/Freescale/CW MCU v10.6/MCU/ARM_GCC_Support/ewl/lib/armv6-m\libc.a(scanformat_.o) (__strtoul)
C:/Freescale/CW MCU v10.6/MCU/ARM_GCC_Support/ewl/lib/armv6-m\libc.a(__filll_mem.o)
                              C:/Freescale/CW MCU v10.6/MCU/ARM_GCC_Support/ewl/lib/armv6-m\libc.a(memset.o) (__fill_mem)
C:/Freescale/CW MCU v10.6/MCU/ARM_GCC_Support/ewl/lib/armv6-m\libc.a(memchr.o)
                              C:/Freescale/CW MCU v10.6/MCU/ARM_GCC_Support/ewl/lib/armv6-m\libc.a(printformat_.o) (memchr)
C:/Freescale/CW MCU v10.6/MCU/ARM_GCC_Support/ewl/lib/armv6-m\libc.a(memcpy.o)
                              C:/Freescale/CW MCU v10.6/MCU/ARM_GCC_Support/ewl/lib/armv6-m\libc.a(scanformat_.o) (memcpy)
C:/Freescale/CW MCU v10.6/MCU/ARM_GCC_Support/ewl/lib/armv6-m\libc.a(strchr.o)
                              C:/Freescale/CW MCU v10.6/MCU/ARM_GCC_Support/ewl/lib/armv6-m\libc.a(printformat_.o) (strchr)
C:/Freescale/CW MCU v10.6/MCU/ARM_GCC_Support/ewl/lib/armv6-m\libc.a(strlen.o)
                              C:/Freescale/CW MCU v10.6/MCU/ARM_GCC_Support/ewl/lib/armv6-m\libc.a(printformat_.o) (strlen)
c:/freescale/cw mcu v10.6/cross_tools/arm-none-eabi-gcc-4_7_3/bin/../lib/gcc/arm-none-eabi/4.7.3/armv6-m\libgcc.a(_thumb1_case_sqi.o)
                              C:/Freescale/CW MCU v10.6/MCU/ARM_GCC_Support/ewl/lib/armv6-m\libc.a(__strtoul.o) (__gnu_thumb1_case_sqi)
c:/freescale/cw mcu v10.6/cross_tools/arm-none-eabi-gcc-4_7_3/bin/../lib/gcc/arm-none-eabi/4.7.3/armv6-m\libgcc.a(_thumb1_case_uqi.o)
                              C:/Freescale/CW MCU v10.6/MCU/ARM_GCC_Support/ewl/lib/armv6-m\libc.a(scanformat_.o) (__gnu_thumb1_case_uqi)
c:/freescale/cw mcu v10.6/cross_tools/arm-none-eabi-gcc-4_7_3/bin/../lib/gcc/arm-none-eabi/4.7.3/armv6-m\libgcc.a(_udivsi3.o)
                              C:/Freescale/CW MCU v10.6/MCU/ARM_GCC_Support/ewl/lib/armv6-m\libc.a(printformat_.o) (__aeabi_uidiv)
c:/freescale/cw mcu v10.6/cross_tools/arm-none-eabi-gcc-4_7_3/bin/../lib/gcc/arm-none-eabi/4.7.3/armv6-m\libgcc.a(_divsi3.o)
                              ./Sources/mcl/CrystalClock.o (__aeabi_idiv)
c:/freescale/cw mcu v10.6/cross_tools/arm-none-eabi-gcc-4_7_3/bin/../lib/gcc/arm-none-eabi/4.7.3/armv6-m\libgcc.a(_dvmd_tls.o)
                              c:/freescale/cw mcu v10.6/cross_tools/arm-none-eabi-gcc-4_7_3/bin/../lib/gcc/arm-none-eabi/4.7.3/armv6-m\libgcc.a(_udivsi3.o) (__aeabi_idiv0)
c:/freescale/cw mcu v10.6/cross_tools/arm-none-eabi-gcc-4_7_3/bin/../lib/gcc/arm-none-eabi/4.7.3/armv6-m\libgcc.a(_arm_cmpdf2.o)
                              ./Sources/app/app_Servos.o (__aeabi_dcmpgt)
c:/freescale/cw mcu v10.6/cross_tools/arm-none-eabi-gcc-4_7_3/bin/../lib/gcc/arm-none-eabi/4.7.3/armv6-m\libgcc.a(_fixunssfsi.o)
                              ./Sources/app/app_Servos.o (__aeabi_f2uiz)
c:/freescale/cw mcu v10.6/cross_tools/arm-none-eabi-gcc-4_7_3/bin/../lib/gcc/arm-none-eabi/4.7.3/armv6-m\libgcc.a(divsf3.o)
                              ./Sources/app/app_ADC.o (__aeabi_fdiv)
c:/freescale/cw mcu v10.6/cross_tools/arm-none-eabi-gcc-4_7_3/bin/../lib/gcc/arm-none-eabi/4.7.3/armv6-m\libgcc.a(mulsf3.o)
                              ./Sources/app/app_Servos.o (__aeabi_fmul)
c:/freescale/cw mcu v10.6/cross_tools/arm-none-eabi-gcc-4_7_3/bin/../lib/gcc/arm-none-eabi/4.7.3/armv6-m\libgcc.a(subsf3.o)
                              c:/freescale/cw mcu v10.6/cross_tools/arm-none-eabi-gcc-4_7_3/bin/../lib/gcc/arm-none-eabi/4.7.3/armv6-m\libgcc.a(_fixunssfsi.o) (__aeabi_fsub)
c:/freescale/cw mcu v10.6/cross_tools/arm-none-eabi-gcc-4_7_3/bin/../lib/gcc/arm-none-eabi/4.7.3/armv6-m\libgcc.a(fixsfsi.o)
                              c:/freescale/cw mcu v10.6/cross_tools/arm-none-eabi-gcc-4_7_3/bin/../lib/gcc/arm-none-eabi/4.7.3/armv6-m\libgcc.a(_fixunssfsi.o) (__aeabi_f2iz)
c:/freescale/cw mcu v10.6/cross_tools/arm-none-eabi-gcc-4_7_3/bin/../lib/gcc/arm-none-eabi/4.7.3/armv6-m\libgcc.a(floatunsisf.o)
                              ./Sources/app/app_Servos.o (__aeabi_ui2f)
[...]
Memory Configuration

Name             Origin             Length             Attributes
m_interrupts     0x00000000         0x000000c0         xr
m_cfmprotrom     0x00000400         0x00000010         xr
m_text           0x00000800         0x0001f800         xr
m_data           0x1ffff000         0x00004000         xrw
*default*        0x00000000         0xffffffff

Linker script and memory map

LOAD ./Project_Settings/Startup_Code/kinetis_sysinit.o
LOAD ./Project_Settings/Startup_Code/__arm_start.o
LOAD ./Project_Settings/Startup_Code/__arm_end.o
LOAD ./Sources/app/app_TFC.o
LOAD ./Sources/app/app_Servos.o
LOAD ./Sources/app/app_LineScanCamera.o
LOAD ./Sources/app/app_GPIO.o
LOAD ./Sources/app/app_ADC.o
LOAD ./Sources/driver/driver_arm_cm0.o
LOAD ./Sources/driver/driver_ADC.o
LOAD ./Sources/gsc_scheduler/gsc_sch_core/gsc_sch_core_tick_isr.o
LOAD ./Sources/gsc_scheduler/gsc_sch_core/gsc_sch_core_cfg.o
LOAD ./Sources/gsc_scheduler/gsc_sch_core/gsc_sch_core.o
LOAD ./Sources/gsc_scheduler/periodic_tasks/periodic_tasks_init.o
LOAD ./Sources/gsc_scheduler/periodic_tasks/periodic_tasks_exec.o
LOAD ./Sources/mcl/interrupts.o
LOAD ./Sources/mcl/CrystalClock.o
LOAD ./Sources/mcl/ARM_SysTick.o
LOAD ./Sources/sa_mtb.o
LOAD ./Sources/main.o
                0x00003cd8                __pformatter = __pformatter_
                [0x00004100]                __sformatter = __sformatter
START GROUP
LOAD C:/Freescale/CW MCU v10.6/MCU/ARM_GCC_Support/ewl/lib/armv6-m\libc.a
LOAD C:/Freescale/CW MCU v10.6/MCU/ARM_GCC_Support/ewl/lib/armv6-m\libm.a
LOAD c:/freescale/cw mcu v10.6/cross_tools/arm-none-eabi-gcc-4_7_3/bin/../lib/gcc/arm-none-eabi/4.7.3/armv6-m\libgcc.a
LOAD C:/Freescale/CW MCU v10.6/MCU/ARM_GCC_Support/ewl/lib/armv6-m\librt.a
LOAD C:/Freescale/CW MCU v10.6/MCU/ARM_GCC_Support/ewl/lib/armv6-m\libuart.a
END GROUP
                0x20003000                _estack = 0x20003000
                0x20003000                __SP_INIT = _estack
                0x00000400                __heap_size = 0x400
                0x00000400                __stack_size = 0x400

.interrupts     0x00000000       0xc0
                0x00000000                __vector_table = .
                0x00000000                . = ALIGN (0x4)
 *(.vectortable)
 .vectortable   0x00000000       0xc0 ./Project_Settings/Startup_Code/kinetis_sysinit.o
                0x00000000                InterruptVector
                0x000000c0                . = ALIGN (0x4)

.cfmprotect     0x00000400        0x0
                0x00000400                . = ALIGN (0x4)
 *(.cfmconfig)
                0x00000400                . = ALIGN (0x4)

.text           0x00000800     0x461c
                0x00000800                . = ALIGN (0x4)
 *(.text)
 .text          0x00000800       0x14 c:/freescale/cw mcu v10.6/cross_tools/arm-none-eabi-gcc-4_7_3/bin/../lib/gcc/arm-none-eabi/4.7.3/armv6-m\libgcc.a(_thumb1_case_sqi.o)
                0x00000800                __gnu_thumb1_case_sqi
 .text          0x00000814       0x14 c:/freescale/cw mcu v10.6/cross_tools/arm-none-eabi-gcc-4_7_3/bin/../lib/gcc/arm-none-eabi/4.7.3/armv6-m\libgcc.a(_thumb1_case_uqi.o)
                0x00000814                __gnu_thumb1_case_uqi
 .text          0x00000828       0x9c c:/freescale/cw mcu v10.6/cross_tools/arm-none-eabi-gcc-4_7_3/bin/../lib/gcc/arm-none-eabi/4.7.3/armv6-m\libgcc.a(_udivsi3.o)
                0x00000828                __aeabi_uidiv
                0x00000828                __udivsi3
                0x000008b0                __aeabi_uidivmod
 .text          0x000008c4       0xc0 c:/freescale/cw mcu v10.6/cross_tools/arm-none-eabi-gcc-4_7_3/bin/../lib/gcc/arm-none-eabi/4.7.3/armv6-m\libgcc.a(_divsi3.o)
                0x000008c4                __divsi3
                0x000008c4                __aeabi_idiv
                0x00000970                __aeabi_idivmod
 .text          0x00000984        0x4 c:/freescale/cw mcu v10.6/cross_tools/arm-none-eabi-gcc-4_7_3/bin/../lib/gcc/arm-none-eabi/4.7.3/armv6-m\libgcc.a(_dvmd_tls.o)
                0x00000984                __aeabi_idiv0
                0x00000984                __aeabi_ldiv0
 .text          0x00000988       0x30 c:/freescale/cw mcu v10.6/cross_tools/arm-none-eabi-gcc-4_7_3/bin/../lib/gcc/arm-none-eabi/4.7.3/armv6-m\libgcc.a(_fixunssfsi.o)
                0x00000988                __fixunssfsi
                0x00000988                __aeabi_f2uiz
 .text          0x000009b8      0x260 c:/freescale/cw mcu v10.6/cross_tools/arm-none-eabi-gcc-4_7_3/bin/../lib/gcc/arm-none-eabi/4.7.3/armv6-m\libgcc.a(mulsf3.o)
                0x000009b8                __aeabi_fmul
 .text          0x00000c18      0x3ac c:/freescale/cw mcu v10.6/cross_tools/arm-none-eabi-gcc-4_7_3/bin/../lib/gcc/arm-none-eabi/4.7.3/armv6-m\libgcc.a(subsf3.o)
                0x00000c18                __aeabi_fsub
 .text          0x00000fc4       0x40 c:/freescale/cw mcu v10.6/cross_tools/arm-none-eabi-gcc-4_7_3/bin/../lib/gcc/arm-none-eabi/4.7.3/armv6-m\libgcc.a(fixsfsi.o)
                0x00000fc4                __aeabi_f2iz
 .text          0x00001004       0xa8 c:/freescale/cw mcu v10.6/cross_tools/arm-none-eabi-gcc-4_7_3/bin/../lib/gcc/arm-none-eabi/4.7.3/armv6-m\libgcc.a(floatunsisf.o)
                0x00001004                __aeabi_ui2f
 .text          0x000010ac      0x758 c:/freescale/cw mcu v10.6/cross_tools/arm-none-eabi-gcc-4_7_3/bin/../lib/gcc/arm-none-eabi/4.7.3/armv6-m\libgcc.a(adddf3.o)
                0x000010ac                __aeabi_dadd
 .text          0x00001804      0x5b8 c:/freescale/cw mcu v10.6/cross_tools/arm-none-eabi-gcc-4_7_3/bin/../lib/gcc/arm-none-eabi/4.7.3/armv6-m\libgcc.a(divdf3.o)
                0x00001804                __aeabi_ddiv
 .text          0x00001dbc      0x4e4 c:/freescale/cw mcu v10.6/cross_tools/arm-none-eabi-gcc-4_7_3/bin/../lib/gcc/arm-none-eabi/4.7.3/armv6-m\libgcc.a(muldf3.o)
                0x00001dbc                __aeabi_dmul
 .text          0x000022a0       0x64 c:/freescale/cw mcu v10.6/cross_tools/arm-none-eabi-gcc-4_7_3/bin/../lib/gcc/arm-none-eabi/4.7.3/armv6-m\libgcc.a(floatunsidf.o)
                0x000022a0                __aeabi_ui2d
 .text          0x00002304       0xa8 c:/freescale/cw mcu v10.6/cross_tools/arm-none-eabi-gcc-4_7_3/bin/../lib/gcc/arm-none-eabi/4.7.3/armv6-m\libgcc.a(extendsfdf2.o)
                0x00002304                __aeabi_f2d
 .text          0x000023ac      0x134 c:/freescale/cw mcu v10.6/cross_tools/arm-none-eabi-gcc-4_7_3/bin/../lib/gcc/arm-none-eabi/4.7.3/armv6-m\libgcc.a(truncdfsf2.o)
                0x000023ac                __aeabi_d2f
 .text          0x000024e0       0x74 c:/freescale/cw mcu v10.6/cross_tools/arm-none-eabi-gcc-4_7_3/bin/../lib/gcc/arm-none-eabi/4.7.3/armv6-m\libgcc.a(_arm_cmpsf2.o)
                0x000024e0                __aeabi_cfrcmple
                0x000024e8                __aeabi_cfcmpeq
                0x000024e8                __aeabi_cfcmple
                0x000024f8                __aeabi_fcmpeq
                0x00002504                __aeabi_fcmplt
                0x00002518                __aeabi_fcmple
                0x0000252c                __aeabi_fcmpgt
                0x00002540                __aeabi_fcmpge
 .text          0x00002554       0x3c c:/freescale/cw mcu v10.6/cross_tools/arm-none-eabi-gcc-4_7_3/bin/../lib/gcc/arm-none-eabi/4.7.3/armv6-m\libgcc.a(_clzsi2.o)
                0x00002554                __clzsi2
 .text          0x00002590       0x50 c:/freescale/cw mcu v10.6/cross_tools/arm-none-eabi-gcc-4_7_3/bin/../lib/gcc/arm-none-eabi/4.7.3/armv6-m\libgcc.a(eqsf2.o)
                0x00002590                __eqsf2
                0x00002590                __nesf2
 .text          0x000025e0       0x90 c:/freescale/cw mcu v10.6/cross_tools/arm-none-eabi-gcc-4_7_3/bin/../lib/gcc/arm-none-eabi/4.7.3/armv6-m\libgcc.a(gesf2.o)
                0x000025e0                __gesf2
                0x000025e0                __gtsf2
 .text          0x00002670       0x90 c:/freescale/cw mcu v10.6/cross_tools/arm-none-eabi-gcc-4_7_3/bin/../lib/gcc/arm-none-eabi/4.7.3/armv6-m\libgcc.a(lesf2.o)
                0x00002670                __ltsf2
                0x00002670                __lesf2
 *(.text*)
 .text.Default_Handler
                0x00002700        0xc ./Project_Settings/Startup_Code/kinetis_sysinit.o
                0x00002700                RTC_Alarm_IRQHandler
                0x00002700                I2C0_IRQHandler
                0x00002700                HardFault_Handler
                0x00002700                PendSV_Handler
                0x00002700                NMI_Handler
                0x00002700                I2C1_IRQHandler
                0x00002700                UART1_IRQHandler
                0x00002700                DMA2_IRQHandler
                0x00002700                TSI0_IRQHandler
                0x00002700                UART0_IRQHandler
                0x00002700                SPI1_IRQHandler
                0x00002700                PORTD_IRQHandler
                0x00002700                LPTimer_IRQHandler
                0x00002700                RTC_Seconds_IRQHandler
                0x00002700                MCG_IRQHandler
                0x00002700                UART2_IRQHandler
                0x00002700                Default_Handler
                0x00002700                LLW_IRQHandler
                0x00002700                SVC_Handler
                0x00002700                USBOTG_IRQHandler
                0x00002700                DMA3_IRQHandler
                0x00002700                DMA0_IRQHandler
                0x00002700                DAC0_IRQHandler
                0x00002700                PMC_IRQHandler
                0x00002700                SPI0_IRQHandler
                0x00002700                FTM0_IRQHandler
                0x00002700                PORTA_IRQHandler
                0x00002700                MCM_IRQHandler
                0x00002700                FTFL_IRQHandler
                0x00002700                FTM2_IRQHandler
                0x00002700                CMP0_IRQHandler
                0x00002700                DMA1_IRQHandler
 .text.__init_hardware
                0x0000270c       0x2c ./Project_Settings/Startup_Code/kinetis_sysinit.o
                0x0000270c                __init_hardware
 .text.zero_fill_bss
                0x00002738       0x24 ./Project_Settings/Startup_Code/__arm_start.o
 .text.__thumb_startup
                0x0000275c       0x30 ./Project_Settings/Startup_Code/__arm_start.o
                0x0000275c                __thumb_startup
 .text._ExitProcess
                0x0000278c        0xc ./Project_Settings/Startup_Code/__arm_end.o
                0x0000278c                _ExitProcess
 .text.app_InitAll
                0x00002798       0x14 ./Sources/app/app_TFC.o
                0x00002798                app_InitAll
 *fill*         0x000027ac        0x4 00
 .text.app_SetServo
                0x000027b0       0x90 ./Sources/app/app_Servos.o
                0x000027b0                app_SetServo
 .text.app_SetServoDutyCycle
                0x00002840       0x68 ./Sources/app/app_Servos.o
                0x00002840                app_SetServoDutyCycle
 .text.FTM1_IRQHandler
                0x000028a8       0x24 ./Sources/app/app_Servos.o
                0x000028a8                FTM1_IRQHandler
 .text.app_InitServos
                0x000028cc       0xd4 ./Sources/app/app_Servos.o
                0x000028cc                app_InitServos
 .text.app_SetLineScanExposureTime
                0x000029a0       0x70 ./Sources/app/app_LineScanCamera.o
                0x000029a0                app_SetLineScanExposureTime
 .text.app_InitGPIO
                0x00002a10      0x10c ./Sources/app/app_GPIO.o
                0x00002a10                app_InitGPIO
 .text.app_Check_GPIO
                0x00002b1c       0xe8 ./Sources/app/app_GPIO.o
                0x00002b1c                app_Check_GPIO
 .text.PIT_IRQHandler
                0x00002c04       0x40 ./Sources/app/app_ADC.o
                0x00002c04                PIT_IRQHandler
 .text.ADC0_IRQHandler
                0x00002c44      0x224 ./Sources/app/app_ADC.o
                0x00002c44                ADC0_IRQHandler
 .text.app_ReadPot
                0x00002e68       0xc0 ./Sources/app/app_ADC.o
                0x00002e68                app_ReadPot
 .text.app_InitADCs
                0x00002f28       0x70 ./Sources/app/app_ADC.o
                0x00002f28                app_InitADCs
 .text.app_ServoAndPot
                0x00002f98       0x18 ./Sources/app/app_ADC.o
                0x00002f98                app_ServoAndPot
 .text.enable_irq
                0x00002fb0       0x6c ./Sources/driver/driver_arm_cm0.o
                0x00002fb0                enable_irq
 .text.disable_irq
                0x0000301c       0x40 ./Sources/driver/driver_arm_cm0.o
                0x0000301c                disable_irq
 .text.ADC_Cal  0x0000305c      0x1b4 ./Sources/driver/driver_ADC.o
                0x0000305c                ADC_Cal
 .text.ADC_Config_Alt
                0x00003210       0x60 ./Sources/driver/driver_ADC.o
                0x00003210                ADC_Config_Alt
 .text.InitADC0
                0x00003270       0x90 ./Sources/driver/driver_ADC.o
                0x00003270                InitADC0
 .text.gsc_sch_core_tick_isr
                0x00003300       0x14 ./Sources/gsc_scheduler/gsc_sch_core/gsc_sch_core_tick_isr.o
                0x00003300                gsc_sch_core_tick_isr
 .text.gsc_sch_core_Init
                0x00003314       0x60 ./Sources/gsc_scheduler/gsc_sch_core/gsc_sch_core.o
                0x00003314                gsc_sch_core_Init
 .text.gsc_sch_core_exec
                0x00003374      0x118 ./Sources/gsc_scheduler/gsc_sch_core/gsc_sch_core.o
                0x00003374                gsc_sch_core_exec
 .text.periodic_tasks_init_MclDrvs
                0x0000348c        0x8 ./Sources/gsc_scheduler/periodic_tasks/periodic_tasks_init.o
                0x0000348c                periodic_tasks_init_MclDrvs
 .text.periodic_tasks_init_SysDrvs
                0x00003494        0xc ./Sources/gsc_scheduler/periodic_tasks/periodic_tasks_init.o
                0x00003494                periodic_tasks_init_SysDrvs
 .text.periodic_tasks_init_task_5tks
                0x000034a0        0x8 ./Sources/gsc_scheduler/periodic_tasks/periodic_tasks_init.o
                0x000034a0                periodic_tasks_init_task_5tks
 .text.periodic_tasks_init_task_10tks
                0x000034a8        0x8 ./Sources/gsc_scheduler/periodic_tasks/periodic_tasks_init.o
                0x000034a8                periodic_tasks_init_task_10tks
 .text.periodic_tasks_init_task_20tks
                0x000034b0        0x8 ./Sources/gsc_scheduler/periodic_tasks/periodic_tasks_init.o
                0x000034b0                periodic_tasks_init_task_20tks
 .text.periodic_tasks_init_task_50tks
                0x000034b8        0x8 ./Sources/gsc_scheduler/periodic_tasks/periodic_tasks_init.o
                0x000034b8                periodic_tasks_init_task_50tks
 .text.periodic_tasks_init_task_100tks
                0x000034c0        0x8 ./Sources/gsc_scheduler/periodic_tasks/periodic_tasks_init.o
                0x000034c0                periodic_tasks_init_task_100tks
 .text.periodic_tasks_init_task_500tks
                0x000034c8        0x8 ./Sources/gsc_scheduler/periodic_tasks/periodic_tasks_init.o
                0x000034c8                periodic_tasks_init_task_500tks
 .text.periodic_tasks_init_task_1Mtks
                0x000034d0        0x8 ./Sources/gsc_scheduler/periodic_tasks/periodic_tasks_init.o
                0x000034d0                periodic_tasks_init_task_1Mtks
 .text.periodic_tasks_exec_5tks
                0x000034d8        0x8 ./Sources/gsc_scheduler/periodic_tasks/periodic_tasks_exec.o
                0x000034d8                periodic_tasks_exec_5tks
 .text.periodic_tasks_exec_10tks
                0x000034e0        0x8 ./Sources/gsc_scheduler/periodic_tasks/periodic_tasks_exec.o
                0x000034e0                periodic_tasks_exec_10tks
 .text.periodic_tasks_exec_20tks
                0x000034e8        0x8 ./Sources/gsc_scheduler/periodic_tasks/periodic_tasks_exec.o
                0x000034e8                periodic_tasks_exec_20tks
 .text.periodic_tasks_exec_50tks
                0x000034f0        0x8 ./Sources/gsc_scheduler/periodic_tasks/periodic_tasks_exec.o
                0x000034f0                periodic_tasks_exec_50tks
 .text.periodic_tasks_exec_100tks
                0x000034f8        0xc ./Sources/gsc_scheduler/periodic_tasks/periodic_tasks_exec.o
                0x000034f8                periodic_tasks_exec_100tks
 .text.periodic_tasks_exec_500tks
                0x00003504        0xc ./Sources/gsc_scheduler/periodic_tasks/periodic_tasks_exec.o
                0x00003504                periodic_tasks_exec_500tks
 .text.periodic_tasks_exec_1Mtks
                0x00003510        0x8 ./Sources/gsc_scheduler/periodic_tasks/periodic_tasks_exec.o
                0x00003510                periodic_tasks_exec_1Mtks
 .text.InitClock
                0x00003518       0x24 ./Sources/mcl/CrystalClock.o
                0x00003518                InitClock
 .text.pll_init
                0x0000353c      0x548 ./Sources/mcl/CrystalClock.o
                0x0000353c                pll_init
 .text.InitSysTick
                0x00003a84       0x1c ./Sources/mcl/ARM_SysTick.o
                0x00003a84                InitSysTick
 .text.main     0x00003aa0       0x20 ./Sources/main.o
                0x00003aa0                main
 .text.WatchDog_cfg
                0x00003ac0       0x1c ./Sources/main.o
                0x00003ac0                WatchDog_cfg
 .text.SysTick_Handler
                0x00003adc       0x1c ./Sources/main.o
                0x00003adc                SysTick_Handler
 .text.exit     0x00003af8       0x38 C:/Freescale/CW MCU v10.6/MCU/ARM_GCC_Support/ewl/lib/armv6-m\libc.a(exit.o)
                0x00003af8                exit
 .text.memset   0x00003b30        0xc C:/Freescale/CW MCU v10.6/MCU/ARM_GCC_Support/ewl/lib/armv6-m\libc.a(memset.o)
                0x00003b30                memset
 .text.long2str.isra.0
                0x00003b3c      0x19c C:/Freescale/CW MCU v10.6/MCU/ARM_GCC_Support/ewl/lib/armv6-m\libc.a(printformat_.o)
 .text.__pformatter_
                0x00003cd8      0x428 C:/Freescale/CW MCU v10.6/MCU/ARM_GCC_Support/ewl/lib/armv6-m\libc.a(printformat_.o)
                0x00003cd8                __pformatter_
 .text.__sformatter
                0x00004100      0x698 C:/Freescale/CW MCU v10.6/MCU/ARM_GCC_Support/ewl/lib/armv6-m\libc.a(scanformat_.o)
                0x00004100                __sformatter
 .text.isalpha  0x00004798       0x20 C:/Freescale/CW MCU v10.6/MCU/ARM_GCC_Support/ewl/lib/armv6-m\libc.a(ctype_aeabi.o)
                0x00004798                isalpha
 .text.isspace  0x000047b8       0x20 C:/Freescale/CW MCU v10.6/MCU/ARM_GCC_Support/ewl/lib/armv6-m\libc.a(ctype_aeabi.o)
                0x000047b8                isspace
 .text.toupper  0x000047d8        0xe C:/Freescale/CW MCU v10.6/MCU/ARM_GCC_Support/ewl/lib/armv6-m\libc.a(ctype_aeabi.o)
                0x000047d8                toupper
 .text.__strtoul
                0x000047e6      0x1ce C:/Freescale/CW MCU v10.6/MCU/ARM_GCC_Support/ewl/lib/armv6-m\libc.a(__strtoul.o)
                0x000047e6                __strtoul
 .text.__fill_mem
                0x000049b4       0x7e C:/Freescale/CW MCU v10.6/MCU/ARM_GCC_Support/ewl/lib/armv6-m\libc.a(__filll_mem.o)
                0x000049b4                __fill_mem
 .text.memchr   0x00004a32       0x1a C:/Freescale/CW MCU v10.6/MCU/ARM_GCC_Support/ewl/lib/armv6-m\libc.a(memchr.o)
                0x00004a32                memchr
 .text.memcpy   0x00004a4c       0x12 C:/Freescale/CW MCU v10.6/MCU/ARM_GCC_Support/ewl/lib/armv6-m\libc.a(memcpy.o)
                0x00004a4c                memcpy
 .text.strchr   0x00004a5e       0x1e C:/Freescale/CW MCU v10.6/MCU/ARM_GCC_Support/ewl/lib/armv6-m\libc.a(strchr.o)
                0x00004a5e                strchr
 .text.strlen   0x00004a7c       0x10 C:/Freescale/CW MCU v10.6/MCU/ARM_GCC_Support/ewl/lib/armv6-m\libc.a(strlen.o)
                0x00004a7c                strlen
 .text.__init_cpp
                0x00004a8c       0x48 C:/Freescale/CW MCU v10.6/MCU/ARM_GCC_Support/ewl/lib/armv6-m\librt.a(gcc_ctor_dtor.o)
                0x00004a8c                __init_cpp
 .text.__fini_cpp
                0x00004ad4       0x34 C:/Freescale/CW MCU v10.6/MCU/ARM_GCC_Support/ewl/lib/armv6-m\librt.a(gcc_ctor_dtor.o)
                0x00004ad4                __fini_cpp
 .text.__copy_rom_section
                0x00004b08       0x48 C:/Freescale/CW MCU v10.6/MCU/ARM_GCC_Support/ewl/lib/armv6-m\librt.a(ROMCopy.o)
                0x00004b08                __copy_rom_section
 .text.__copy_rom_sections_to_ram
                0x00004b50       0x34 C:/Freescale/CW MCU v10.6/MCU/ARM_GCC_Support/ewl/lib/armv6-m\librt.a(ROMCopy.o)
                0x00004b50                __copy_rom_sections_to_ram
 .text.__destroy_global_chain
                0x00004b84       0x1c C:/Freescale/CW MCU v10.6/MCU/ARM_GCC_Support/ewl/lib/armv6-m\librt.a(__arm_eabi_init.o)
                0x00004b84                __destroy_global_chain
 .text.__init_registers
                0x00004ba0       0x1c C:/Freescale/CW MCU v10.6/MCU/ARM_GCC_Support/ewl/lib/armv6-m\librt.a(__arm_eabi_init.o)
                0x00004ba0                __init_registers
 .text.__init_user
                0x00004bbc        0x4 C:/Freescale/CW MCU v10.6/MCU/ARM_GCC_Support/ewl/lib/armv6-m\librt.a(__arm_eabi_init.o)
                0x00004bbc                __init_user
 *(.rodata)
 .rodata        0x00004bc0       0x40 c:/freescale/cw mcu v10.6/cross_tools/arm-none-eabi-gcc-4_7_3/bin/../lib/gcc/arm-none-eabi/4.7.3/armv6-m\libgcc.a(mulsf3.o)
 .rodata        0x00004c00       0x40 c:/freescale/cw mcu v10.6/cross_tools/arm-none-eabi-gcc-4_7_3/bin/../lib/gcc/arm-none-eabi/4.7.3/armv6-m\libgcc.a(divdf3.o)
 .rodata        0x00004c40       0x40 c:/freescale/cw mcu v10.6/cross_tools/arm-none-eabi-gcc-4_7_3/bin/../lib/gcc/arm-none-eabi/4.7.3/armv6-m\libgcc.a(muldf3.o)
 *(.rodata*)
 .rodata.cps_mngTaskList
                0x00004c80       0x90 ./Sources/gsc_scheduler/gsc_sch_core/gsc_sch_core_cfg.o
                0x00004c80                cps_mngTaskList
 .rodata.str1.1
                0x00004d10        0x1 C:/Freescale/CW MCU v10.6/MCU/ARM_GCC_Support/ewl/lib/armv6-m\libc.a(printformat_.o)
 .rodata.CSWTCH.20
                0x00004d11        0x5 C:/Freescale/CW MCU v10.6/MCU/ARM_GCC_Support/ewl/lib/armv6-m\libc.a(printformat_.o)
 .rodata.CSWTCH.21
                0x00004d16        0x5 C:/Freescale/CW MCU v10.6/MCU/ARM_GCC_Support/ewl/lib/armv6-m\libc.a(printformat_.o)
 .rodata.__aeabi_ctype_table_C
                0x00004d1b      0x101 C:/Freescale/CW MCU v10.6/MCU/ARM_GCC_Support/ewl/lib/armv6-m\libc.a(ctype_aeabi.o)
                0x00004d1b                __aeabi_ctype_table_C
 *(.glue_7)
 .glue_7        0x00000000        0x0 linker stubs
 *(.glue_7t)
 .glue_7t       0x00000000        0x0 linker stubs
 *(.eh_frame)
 *(.init)
 *(.fini)
                0x00004e1c                . = ALIGN (0x4)
                0x00004e1c                _etext = .

.vfp11_veneer   0x00004e1c        0x0
 .vfp11_veneer  0x00000000        0x0 linker stubs

.v4_bx          0x00004e1c        0x0
 .v4_bx         0x00000000        0x0 linker stubs

.iplt           0x00004e1c        0x0
 .iplt          0x00000000        0x0 ./Project_Settings/Startup_Code/kinetis_sysinit.o

.rel.dyn        0x00004e1c        0x0
 .rel.iplt      0x00000000        0x0 ./Project_Settings/Startup_Code/kinetis_sysinit.o

.ARM.extab
 *(.ARM.extab* .gnu.linkonce.armextab.*)

.ARM            0x00004e1c        0x0
                0x00004e1c                __exidx_start = .
 *(.ARM.exidx*)
                0x00004e1c                __exidx_end = .

.ctors          0x00004e1c        0x0
                0x00004e1c                __CTOR_LIST__ = .
 *crtbegin.o(.ctors)
 *(EXCLUDE_FILE(*crtend.o) .ctors)
 *(SORT(.ctors.*))
 *(.ctors)
                0x00004e1c                __CTOR_END__ = .

.dtors          0x00004e1c        0x0
                0x00004e1c                __DTOR_LIST__ = .
 *crtbegin.o(.dtors)
 *(EXCLUDE_FILE(*crtend.o) .dtors)
 *(SORT(.dtors.*))
 *(.dtors)
                0x00004e1c                __DTOR_END__ = .

.preinit_array  0x00004e1c        0x0
                0x00004e1c                PROVIDE (__preinit_array_start, .)
 *(.preinit_array*)
                0x00004e1c                PROVIDE (__preinit_array_end, .)

.init_array     0x00004e1c        0x0
                0x00004e1c                PROVIDE (__init_array_start, .)
 *(SORT(.init_array.*))
 *(.init_array*)
                0x00004e1c                PROVIDE (__init_array_end, .)

.fini_array     0x00004e1c        0x0
                0x00004e1c                PROVIDE (__fini_array_start, .)
 *(SORT(.fini_array.*))
 *(.fini_array*)
                0x00004e1c                PROVIDE (__fini_array_end, .)
                0x00004e1c                ___ROM_AT = .

.mtb            0x1ffff000        0x0
                0x1ffff000                . = ALIGN (0x8)
                0x1ffff000                _mtb_start = .
 *(.mtb_buf)
                0x1ffff000                . = ALIGN (0x8)
                0x1ffff000                _mtb_end = .

.data           0x1ffff000        0x0 load address 0x00004e1c
                0x1ffff000                . = ALIGN (0x4)
                0x1ffff000                _sdata = .
 *(.data)
 *(.data*)
                0x1ffff000                . = ALIGN (0x4)
                0x1ffff000                _edata = .
                0x00000000                ___data_size = (_edata - _sdata)

.igot.plt       0x1ffff000        0x0
 .igot.plt      0x00000000        0x0 ./Project_Settings/Startup_Code/kinetis_sysinit.o
                0x1ffff000                . = ALIGN (0x4)

.bss            0x1ffff000      0x444
                0x1ffff000                __START_BSS = .
                0x1ffff000                PROVIDE (__bss_start__, __START_BSS)
 *(.bss)
 *(.bss*)
 .bss.argv      0x1ffff000        0x4 ./Project_Settings/Startup_Code/__arm_start.o
 .bss.LineScanImageReady
                0x1ffff004        0x1 ./Sources/app/app_LineScanCamera.o
                0x1ffff004                LineScanImageReady
 .bss.CurrentADC_State
                0x1ffff005        0x1 ./Sources/app/app_ADC.o
 .bss.CurrentLineScanPixel
                0x1ffff006        0x1 ./Sources/app/app_ADC.o
                0x1ffff006                CurrentLineScanPixel
 .bss.CurrentLineScanChannel
                0x1ffff007        0x1 ./Sources/app/app_ADC.o
                0x1ffff007                CurrentLineScanChannel
 .bss.re_sch_mngExecflag
                0x1ffff008        0x1 ./Sources/gsc_scheduler/gsc_sch_core/gsc_sch_core_tick_isr.o
                0x1ffff008                re_sch_mngExecflag
 *fill*         0x1ffff009        0x3 00
 .bss.sys_tick_counter
                0x1ffff00c        0x4 ./Sources/main.o
                0x1ffff00c                sys_tick_counter
 .bss.__stdio_exit
                0x1ffff010        0x4 C:/Freescale/CW MCU v10.6/MCU/ARM_GCC_Support/ewl/lib/armv6-m\libc.a(exit.o)
                0x1ffff010                __stdio_exit
 .bss.__console_exit
                0x1ffff014        0x4 C:/Freescale/CW MCU v10.6/MCU/ARM_GCC_Support/ewl/lib/armv6-m\libc.a(exit.o)
                0x1ffff014                __console_exit
 .bss.__S_romp  0x1ffff018        0xc C:/Freescale/CW MCU v10.6/MCU/ARM_GCC_Support/ewl/lib/armv6-m\librt.a(ROMCopy.o)
 .bss.__global_destructor_chain
                0x1ffff024        0x4 C:/Freescale/CW MCU v10.6/MCU/ARM_GCC_Support/ewl/lib/armv6-m\librt.a(__arm_eabi_init.o)
                0x1ffff024                __global_destructor_chain
 *(COMMON)
 COMMON         0x1ffff028      0x414 ./Sources/app/app_LineScanCamera.o
                0x1ffff028                LineScanWorkingBuffer
                0x1ffff02c                LineScanImage1
                0x1ffff030                LineScanImage0Buffer
                0x1ffff230                LineScanImage0WorkingBuffer
                0x1ffff234                LineScanImage1Buffer
                0x1ffff434                LineScanImage0
                0x1ffff438                LineScanImage1WorkingBuffer
 COMMON         0x1ffff43c        0x6 ./Sources/app/app_ADC.o
                0x1ffff43c                PotADC_Value
                0x1ffff440                BatSenseADC_Value
 COMMON         0x1ffff442        0x2 ./Sources/gsc_scheduler/gsc_sch_core/gsc_sch_core.o
                0x1ffff442                rt_curOpMode
                0x1ffff444                . = ALIGN (0x4)
                0x1ffff444                __END_BSS = .
                0x1ffff444                PROVIDE (__bss_end__, __END_BSS)
                0x00004e1c                _romp_at = (___ROM_AT + SIZEOF (.data))

.romp           0x1ffff444       0x18 load address 0x00004e1c
                0x00004e1c                __S_romp = _romp_at
                0x1ffff444        0x4 LONG 0x4e1c ___ROM_AT
                0x1ffff448        0x4 LONG 0x1ffff000 _sdata
                0x1ffff44c        0x4 LONG 0x0 ___data_size
                0x1ffff450        0x4 LONG 0x0
                0x1ffff454        0x4 LONG 0x0
                0x1ffff458        0x4 LONG 0x0

._user_heap_stack
                0x1ffff45c      0x800 load address 0x00004e34
                0x1ffff45c                . = ALIGN (0x4)
                0x1ffff45c                PROVIDE (end, .)
                0x1ffff45c                PROVIDE (_end, .)
                0x1ffff45c                __heap_addr = .
                0x1ffff85c                . = (. + __heap_size)
 *fill*         0x1ffff45c      0x400 00
                0x1ffffc5c                . = (. + __stack_size)
 *fill*         0x1ffff85c      0x400 00
                0x1ffffc5c                . = ALIGN (0x4)

.ARM.attributes
                0x00000000       0x31
 *(.ARM.attributes)
 .ARM.attributes
                0x00000000       0x31 ./Project_Settings/Startup_Code/kinetis_sysinit.o
 .ARM.attributes
                0x00000031       0x31 ./Project_Settings/Startup_Code/__arm_start.o
 .ARM.attributes
                0x00000062       0x31 ./Project_Settings/Startup_Code/__arm_end.o
 .ARM.attributes
                0x00000093       0x31 ./Sources/app/app_TFC.o
 .ARM.attributes
                0x000000c4       0x31 ./Sources/app/app_Servos.o
 .ARM.attributes
                0x000000f5       0x31 ./Sources/app/app_LineScanCamera.o
 .ARM.attributes
                0x00000126       0x31 ./Sources/app/app_GPIO.o
 .ARM.attributes
                0x00000157       0x31 ./Sources/app/app_ADC.o
 .ARM.attributes
                0x00000188       0x31 ./Sources/driver/driver_arm_cm0.o
 .ARM.attributes
                0x000001b9       0x31 ./Sources/driver/driver_ADC.o
 .ARM.attributes
                0x000001ea       0x31 ./Sources/gsc_scheduler/gsc_sch_core/gsc_sch_core_tick_isr.o
 .ARM.attributes
                0x0000021b       0x31 ./Sources/gsc_scheduler/gsc_sch_core/gsc_sch_core_cfg.o
 .ARM.attributes
                0x0000024c       0x31 ./Sources/gsc_scheduler/gsc_sch_core/gsc_sch_core.o
 .ARM.attributes
                0x0000027d       0x31 ./Sources/gsc_scheduler/periodic_tasks/periodic_tasks_init.o
 .ARM.attributes
                0x000002ae       0x31 ./Sources/gsc_scheduler/periodic_tasks/periodic_tasks_exec.o
 .ARM.attributes
                0x000002df       0x31 ./Sources/mcl/CrystalClock.o
 .ARM.attributes
                0x00000310       0x31 ./Sources/mcl/ARM_SysTick.o
 .ARM.attributes
                0x00000341       0x31 ./Sources/main.o
 .ARM.attributes
                0x00000372       0x31 C:/Freescale/CW MCU v10.6/MCU/ARM_GCC_Support/ewl/lib/armv6-m\libc.a(exit.o)
 .ARM.attributes
                0x000003a3       0x31 C:/Freescale/CW MCU v10.6/MCU/ARM_GCC_Support/ewl/lib/armv6-m\libc.a(memset.o)
 .ARM.attributes
                0x000003d4       0x31 C:/Freescale/CW MCU v10.6/MCU/ARM_GCC_Support/ewl/lib/armv6-m\libc.a(printformat_.o)
 .ARM.attributes
                0x00000405       0x31 C:/Freescale/CW MCU v10.6/MCU/ARM_GCC_Support/ewl/lib/armv6-m\libc.a(scanformat_.o)
 .ARM.attributes
                0x00000436       0x31 C:/Freescale/CW MCU v10.6/MCU/ARM_GCC_Support/ewl/lib/armv6-m\libc.a(ctype_aeabi.o)
 .ARM.attributes
                0x00000467       0x31 C:/Freescale/CW MCU v10.6/MCU/ARM_GCC_Support/ewl/lib/armv6-m\libc.a(__strtoul.o)
 .ARM.attributes
                0x00000498       0x31 C:/Freescale/CW MCU v10.6/MCU/ARM_GCC_Support/ewl/lib/armv6-m\libc.a(__filll_mem.o)
 .ARM.attributes
                0x000004c9       0x31 C:/Freescale/CW MCU v10.6/MCU/ARM_GCC_Support/ewl/lib/armv6-m\libc.a(memchr.o)
 .ARM.attributes
                0x000004fa       0x31 C:/Freescale/CW MCU v10.6/MCU/ARM_GCC_Support/ewl/lib/armv6-m\libc.a(memcpy.o)
 .ARM.attributes
                0x0000052b       0x31 C:/Freescale/CW MCU v10.6/MCU/ARM_GCC_Support/ewl/lib/armv6-m\libc.a(strchr.o)
 .ARM.attributes
                0x0000055c       0x31 C:/Freescale/CW MCU v10.6/MCU/ARM_GCC_Support/ewl/lib/armv6-m\libc.a(strlen.o)
 .ARM.attributes
                0x0000058d       0x1e c:/freescale/cw mcu v10.6/cross_tools/arm-none-eabi-gcc-4_7_3/bin/../lib/gcc/arm-none-eabi/4.7.3/armv6-m\libgcc.a(_thumb1_case_sqi.o)
 .ARM.attributes
                0x000005ab       0x1e c:/freescale/cw mcu v10.6/cross_tools/arm-none-eabi-gcc-4_7_3/bin/../lib/gcc/arm-none-eabi/4.7.3/armv6-m\libgcc.a(_thumb1_case_uqi.o)
 .ARM.attributes
                0x000005c9       0x1e c:/freescale/cw mcu v10.6/cross_tools/arm-none-eabi-gcc-4_7_3/bin/../lib/gcc/arm-none-eabi/4.7.3/armv6-m\libgcc.a(_udivsi3.o)
 .ARM.attributes
                0x000005e7       0x1e c:/freescale/cw mcu v10.6/cross_tools/arm-none-eabi-gcc-4_7_3/bin/../lib/gcc/arm-none-eabi/4.7.3/armv6-m\libgcc.a(_divsi3.o)
 .ARM.attributes
                0x00000605       0x1e c:/freescale/cw mcu v10.6/cross_tools/arm-none-eabi-gcc-4_7_3/bin/../lib/gcc/arm-none-eabi/4.7.3/armv6-m\libgcc.a(_dvmd_tls.o)
 .ARM.attributes
                0x00000623       0x2c c:/freescale/cw mcu v10.6/cross_tools/arm-none-eabi-gcc-4_7_3/bin/../lib/gcc/arm-none-eabi/4.7.3/armv6-m\libgcc.a(_fixunssfsi.o)
 .ARM.attributes
                0x0000064f       0x2c c:/freescale/cw mcu v10.6/cross_tools/arm-none-eabi-gcc-4_7_3/bin/../lib/gcc/arm-none-eabi/4.7.3/armv6-m\libgcc.a(mulsf3.o)
 .ARM.attributes
                0x0000067b       0x2c c:/freescale/cw mcu v10.6/cross_tools/arm-none-eabi-gcc-4_7_3/bin/../lib/gcc/arm-none-eabi/4.7.3/armv6-m\libgcc.a(subsf3.o)
 .ARM.attributes
                0x000006a7       0x2c c:/freescale/cw mcu v10.6/cross_tools/arm-none-eabi-gcc-4_7_3/bin/../lib/gcc/arm-none-eabi/4.7.3/armv6-m\libgcc.a(fixsfsi.o)
 .ARM.attributes
                0x000006d3       0x2c c:/freescale/cw mcu v10.6/cross_tools/arm-none-eabi-gcc-4_7_3/bin/../lib/gcc/arm-none-eabi/4.7.3/armv6-m\libgcc.a(floatunsisf.o)
 .ARM.attributes
                0x000006ff       0x2c c:/freescale/cw mcu v10.6/cross_tools/arm-none-eabi-gcc-4_7_3/bin/../lib/gcc/arm-none-eabi/4.7.3/armv6-m\libgcc.a(adddf3.o)
 .ARM.attributes
                0x0000072b       0x2c c:/freescale/cw mcu v10.6/cross_tools/arm-none-eabi-gcc-4_7_3/bin/../lib/gcc/arm-none-eabi/4.7.3/armv6-m\libgcc.a(divdf3.o)
 .ARM.attributes
                0x00000757       0x2c c:/freescale/cw mcu v10.6/cross_tools/arm-none-eabi-gcc-4_7_3/bin/../lib/gcc/arm-none-eabi/4.7.3/armv6-m\libgcc.a(muldf3.o)
 .ARM.attributes
                0x00000783       0x2c c:/freescale/cw mcu v10.6/cross_tools/arm-none-eabi-gcc-4_7_3/bin/../lib/gcc/arm-none-eabi/4.7.3/armv6-m\libgcc.a(floatunsidf.o)
 .ARM.attributes
                0x000007af       0x2c c:/freescale/cw mcu v10.6/cross_tools/arm-none-eabi-gcc-4_7_3/bin/../lib/gcc/arm-none-eabi/4.7.3/armv6-m\libgcc.a(extendsfdf2.o)
 .ARM.attributes
                0x000007db       0x2c c:/freescale/cw mcu v10.6/cross_tools/arm-none-eabi-gcc-4_7_3/bin/../lib/gcc/arm-none-eabi/4.7.3/armv6-m\libgcc.a(truncdfsf2.o)
 .ARM.attributes
                0x00000807       0x1e c:/freescale/cw mcu v10.6/cross_tools/arm-none-eabi-gcc-4_7_3/bin/../lib/gcc/arm-none-eabi/4.7.3/armv6-m\libgcc.a(_arm_cmpsf2.o)
 .ARM.attributes
                0x00000825       0x1e c:/freescale/cw mcu v10.6/cross_tools/arm-none-eabi-gcc-4_7_3/bin/../lib/gcc/arm-none-eabi/4.7.3/armv6-m\libgcc.a(_clzsi2.o)
 .ARM.attributes
                0x00000843       0x2c c:/freescale/cw mcu v10.6/cross_tools/arm-none-eabi-gcc-4_7_3/bin/../lib/gcc/arm-none-eabi/4.7.3/armv6-m\libgcc.a(eqsf2.o)
 .ARM.attributes
                0x0000086f       0x2c c:/freescale/cw mcu v10.6/cross_tools/arm-none-eabi-gcc-4_7_3/bin/../lib/gcc/arm-none-eabi/4.7.3/armv6-m\libgcc.a(gesf2.o)
 .ARM.attributes
                0x0000089b       0x2c c:/freescale/cw mcu v10.6/cross_tools/arm-none-eabi-gcc-4_7_3/bin/../lib/gcc/arm-none-eabi/4.7.3/armv6-m\libgcc.a(lesf2.o)
 .ARM.attributes
                0x000008c7       0x31 C:/Freescale/CW MCU v10.6/MCU/ARM_GCC_Support/ewl/lib/armv6-m\librt.a(gcc_ctor_dtor.o)
 .ARM.attributes
                0x000008f8       0x31 C:/Freescale/CW MCU v10.6/MCU/ARM_GCC_Support/ewl/lib/armv6-m\librt.a(ROMCopy.o)
 .ARM.attributes
                0x00000929       0x31 C:/Freescale/CW MCU v10.6/MCU/ARM_GCC_Support/ewl/lib/armv6-m\librt.a(__arm_eabi_init.o)
OUTPUT(gsc_sch_MKL25Z128.elf elf32-littlearm)

.debug_info     0x00000000     0x53dc
 .debug_info    0x00000000      0x447 ./Project_Settings/Startup_Code/kinetis_sysinit.o
 .debug_info    0x00000447      0x12a ./Project_Settings/Startup_Code/__arm_start.o
 .debug_info    0x00000571       0x54 ./Project_Settings/Startup_Code/__arm_end.o
 .debug_info    0x000005c5       0x83 ./Sources/app/app_TFC.o
 .debug_info    0x00000648      0x61d ./Sources/app/app_Servos.o
 .debug_info    0x00000c65      0x5c0 ./Sources/app/app_LineScanCamera.o
 .debug_info    0x00001225      0x436 ./Sources/app/app_GPIO.o
 .debug_info    0x0000165b      0x8a5 ./Sources/app/app_ADC.o
 .debug_info    0x00001f00      0x3cb ./Sources/driver/driver_arm_cm0.o
 .debug_info    0x000022cb      0x808 ./Sources/driver/driver_ADC.o
 .debug_info    0x00002ad3       0xb6 ./Sources/gsc_scheduler/gsc_sch_core/gsc_sch_core_tick_isr.o
 .debug_info    0x00002b89      0x16e ./Sources/gsc_scheduler/gsc_sch_core/gsc_sch_core_cfg.o
 .debug_info    0x00002cf7      0x237 ./Sources/gsc_scheduler/gsc_sch_core/gsc_sch_core.o
 .debug_info    0x00002f2e      0x133 ./Sources/gsc_scheduler/periodic_tasks/periodic_tasks_init.o
 .debug_info    0x00003061      0x109 ./Sources/gsc_scheduler/periodic_tasks/periodic_tasks_exec.o
 .debug_info    0x0000316a      0x26f ./Sources/mcl/CrystalClock.o
 .debug_info    0x000033d9       0xe8 ./Sources/mcl/ARM_SysTick.o
 .debug_info    0x000034c1      0x303 ./Sources/main.o
 .debug_info    0x000037c4       0xe8 C:/Freescale/CW MCU v10.6/MCU/ARM_GCC_Support/ewl/lib/armv6-m\libc.a(exit.o)
 .debug_info    0x000038ac       0xec C:/Freescale/CW MCU v10.6/MCU/ARM_GCC_Support/ewl/lib/armv6-m\libc.a(memset.o)
 .debug_info    0x00003998      0x50d C:/Freescale/CW MCU v10.6/MCU/ARM_GCC_Support/ewl/lib/armv6-m\libc.a(printformat_.o)
 .debug_info    0x00003ea5      0x568 C:/Freescale/CW MCU v10.6/MCU/ARM_GCC_Support/ewl/lib/armv6-m\libc.a(scanformat_.o)
 .debug_info    0x0000440d      0x313 C:/Freescale/CW MCU v10.6/MCU/ARM_GCC_Support/ewl/lib/armv6-m\libc.a(ctype_aeabi.o)
 .debug_info    0x00004720      0x1d6 C:/Freescale/CW MCU v10.6/MCU/ARM_GCC_Support/ewl/lib/armv6-m\libc.a(__strtoul.o)
 .debug_info    0x000048f6      0x137 C:/Freescale/CW MCU v10.6/MCU/ARM_GCC_Support/ewl/lib/armv6-m\libc.a(__filll_mem.o)
 .debug_info    0x00004a2d      0x121 C:/Freescale/CW MCU v10.6/MCU/ARM_GCC_Support/ewl/lib/armv6-m\libc.a(memchr.o)
 .debug_info    0x00004b4e      0x10f C:/Freescale/CW MCU v10.6/MCU/ARM_GCC_Support/ewl/lib/armv6-m\libc.a(memcpy.o)
 .debug_info    0x00004c5d      0x10b C:/Freescale/CW MCU v10.6/MCU/ARM_GCC_Support/ewl/lib/armv6-m\libc.a(strchr.o)
 .debug_info    0x00004d68       0xea C:/Freescale/CW MCU v10.6/MCU/ARM_GCC_Support/ewl/lib/armv6-m\libc.a(strlen.o)
 .debug_info    0x00004e52      0x136 C:/Freescale/CW MCU v10.6/MCU/ARM_GCC_Support/ewl/lib/armv6-m\librt.a(gcc_ctor_dtor.o)
 .debug_info    0x00004f88      0x19b C:/Freescale/CW MCU v10.6/MCU/ARM_GCC_Support/ewl/lib/armv6-m\librt.a(ROMCopy.o)
 .debug_info    0x00005123      0x2b9 C:/Freescale/CW MCU v10.6/MCU/ARM_GCC_Support/ewl/lib/armv6-m\librt.a(__arm_eabi_init.o)

.debug_abbrev   0x00000000     0x1a05
 .debug_abbrev  0x00000000       0xe7 ./Project_Settings/Startup_Code/kinetis_sysinit.o
 .debug_abbrev  0x000000e7       0x92 ./Project_Settings/Startup_Code/__arm_start.o
 .debug_abbrev  0x00000179       0x4c ./Project_Settings/Startup_Code/__arm_end.o
 .debug_abbrev  0x000001c5       0x3b ./Sources/app/app_TFC.o
 .debug_abbrev  0x00000200      0x129 ./Sources/app/app_Servos.o
 .debug_abbrev  0x00000329      0x10f ./Sources/app/app_LineScanCamera.o
 .debug_abbrev  0x00000438      0x10a ./Sources/app/app_GPIO.o
 .debug_abbrev  0x00000542      0x18f ./Sources/app/app_ADC.o
 .debug_abbrev  0x000006d1      0x102 ./Sources/driver/driver_arm_cm0.o
 .debug_abbrev  0x000007d3      0x15c ./Sources/driver/driver_ADC.o
 .debug_abbrev  0x0000092f       0x71 ./Sources/gsc_scheduler/gsc_sch_core/gsc_sch_core_tick_isr.o
 .debug_abbrev  0x000009a0       0xa1 ./Sources/gsc_scheduler/gsc_sch_core/gsc_sch_core_cfg.o
 .debug_abbrev  0x00000a41       0xd8 ./Sources/gsc_scheduler/gsc_sch_core/gsc_sch_core.o
 .debug_abbrev  0x00000b19       0x3d ./Sources/gsc_scheduler/periodic_tasks/periodic_tasks_init.o
 .debug_abbrev  0x00000b56       0x3d ./Sources/gsc_scheduler/periodic_tasks/periodic_tasks_exec.o
 .debug_abbrev  0x00000b93       0xea ./Sources/mcl/CrystalClock.o
 .debug_abbrev  0x00000c7d       0x92 ./Sources/mcl/ARM_SysTick.o
 .debug_abbrev  0x00000d0f       0xc8 ./Sources/main.o
 .debug_abbrev  0x00000dd7       0x7a C:/Freescale/CW MCU v10.6/MCU/ARM_GCC_Support/ewl/lib/armv6-m\libc.a(exit.o)
 .debug_abbrev  0x00000e51       0x62 C:/Freescale/CW MCU v10.6/MCU/ARM_GCC_Support/ewl/lib/armv6-m\libc.a(memset.o)
 .debug_abbrev  0x00000eb3      0x200 C:/Freescale/CW MCU v10.6/MCU/ARM_GCC_Support/ewl/lib/armv6-m\libc.a(printformat_.o)
 .debug_abbrev  0x000010b3      0x1f0 C:/Freescale/CW MCU v10.6/MCU/ARM_GCC_Support/ewl/lib/armv6-m\libc.a(scanformat_.o)
 .debug_abbrev  0x000012a3       0x9e C:/Freescale/CW MCU v10.6/MCU/ARM_GCC_Support/ewl/lib/armv6-m\libc.a(ctype_aeabi.o)
 .debug_abbrev  0x00001341       0xc2 C:/Freescale/CW MCU v10.6/MCU/ARM_GCC_Support/ewl/lib/armv6-m\libc.a(__strtoul.o)
 .debug_abbrev  0x00001403       0x78 C:/Freescale/CW MCU v10.6/MCU/ARM_GCC_Support/ewl/lib/armv6-m\libc.a(__filll_mem.o)
 .debug_abbrev  0x0000147b       0x95 C:/Freescale/CW MCU v10.6/MCU/ARM_GCC_Support/ewl/lib/armv6-m\libc.a(memchr.o)
 .debug_abbrev  0x00001510       0x95 C:/Freescale/CW MCU v10.6/MCU/ARM_GCC_Support/ewl/lib/armv6-m\libc.a(memcpy.o)
 .debug_abbrev  0x000015a5       0x7a C:/Freescale/CW MCU v10.6/MCU/ARM_GCC_Support/ewl/lib/armv6-m\libc.a(strchr.o)
 .debug_abbrev  0x0000161f       0x7a C:/Freescale/CW MCU v10.6/MCU/ARM_GCC_Support/ewl/lib/armv6-m\libc.a(strlen.o)
 .debug_abbrev  0x00001699       0x99 C:/Freescale/CW MCU v10.6/MCU/ARM_GCC_Support/ewl/lib/armv6-m\librt.a(gcc_ctor_dtor.o)
 .debug_abbrev  0x00001732      0x120 C:/Freescale/CW MCU v10.6/MCU/ARM_GCC_Support/ewl/lib/armv6-m\librt.a(ROMCopy.o)
 .debug_abbrev  0x00001852      0x1b3 C:/Freescale/CW MCU v10.6/MCU/ARM_GCC_Support/ewl/lib/armv6-m\librt.a(__arm_eabi_init.o)

.debug_loc      0x00000000     0x31a7
 .debug_loc     0x00000000       0x58 ./Project_Settings/Startup_Code/kinetis_sysinit.o
 .debug_loc     0x00000058       0x2c ./Project_Settings/Startup_Code/__arm_start.o
 .debug_loc     0x00000084       0x38 ./Project_Settings/Startup_Code/__arm_end.o
 .debug_loc     0x000000bc       0x2c ./Sources/app/app_TFC.o
 .debug_loc     0x000000e8       0xf4 ./Sources/app/app_Servos.o
 .debug_loc     0x000001dc       0x64 ./Sources/app/app_LineScanCamera.o
 .debug_loc     0x00000240       0xc8 ./Sources/app/app_GPIO.o
 .debug_loc     0x00000308      0x120 ./Sources/app/app_ADC.o
 .debug_loc     0x00000428      0x138 ./Sources/driver/driver_arm_cm0.o
 .debug_loc     0x00000560       0xe0 ./Sources/driver/driver_ADC.o
 .debug_loc     0x00000640       0x2c ./Sources/gsc_scheduler/gsc_sch_core/gsc_sch_core_tick_isr.o
 .debug_loc     0x0000066c       0x70 ./Sources/gsc_scheduler/gsc_sch_core/gsc_sch_core.o
 .debug_loc     0x000006dc      0x18c ./Sources/gsc_scheduler/periodic_tasks/periodic_tasks_init.o
 .debug_loc     0x00000868      0x134 ./Sources/gsc_scheduler/periodic_tasks/periodic_tasks_exec.o
 .debug_loc     0x0000099c       0x70 ./Sources/mcl/CrystalClock.o
 .debug_loc     0x00000a0c       0x2c ./Sources/mcl/ARM_SysTick.o
 .debug_loc     0x00000a38       0x84 ./Sources/main.o
 .debug_loc     0x00000abc       0x3e C:/Freescale/CW MCU v10.6/MCU/ARM_GCC_Support/ewl/lib/armv6-m\libc.a(exit.o)
 .debug_loc     0x00000afa       0x6f C:/Freescale/CW MCU v10.6/MCU/ARM_GCC_Support/ewl/lib/armv6-m\libc.a(memset.o)
 .debug_loc     0x00000b69     0x104b C:/Freescale/CW MCU v10.6/MCU/ARM_GCC_Support/ewl/lib/armv6-m\libc.a(printformat_.o)
 .debug_loc     0x00001bb4      0x9d8 C:/Freescale/CW MCU v10.6/MCU/ARM_GCC_Support/ewl/lib/armv6-m\libc.a(scanformat_.o)
 .debug_loc     0x0000258c      0x30d C:/Freescale/CW MCU v10.6/MCU/ARM_GCC_Support/ewl/lib/armv6-m\libc.a(ctype_aeabi.o)
 .debug_loc     0x00002899      0x305 C:/Freescale/CW MCU v10.6/MCU/ARM_GCC_Support/ewl/lib/armv6-m\libc.a(__strtoul.o)
 .debug_loc     0x00002b9e      0x14a C:/Freescale/CW MCU v10.6/MCU/ARM_GCC_Support/ewl/lib/armv6-m\libc.a(__filll_mem.o)
 .debug_loc     0x00002ce8       0x77 C:/Freescale/CW MCU v10.6/MCU/ARM_GCC_Support/ewl/lib/armv6-m\libc.a(memchr.o)
 .debug_loc     0x00002d5f       0x59 C:/Freescale/CW MCU v10.6/MCU/ARM_GCC_Support/ewl/lib/armv6-m\libc.a(memcpy.o)
 .debug_loc     0x00002db8       0xaf C:/Freescale/CW MCU v10.6/MCU/ARM_GCC_Support/ewl/lib/armv6-m\libc.a(strchr.o)
 .debug_loc     0x00002e67       0x33 C:/Freescale/CW MCU v10.6/MCU/ARM_GCC_Support/ewl/lib/armv6-m\libc.a(strlen.o)
 .debug_loc     0x00002e9a       0x9d C:/Freescale/CW MCU v10.6/MCU/ARM_GCC_Support/ewl/lib/armv6-m\librt.a(gcc_ctor_dtor.o)
 .debug_loc     0x00002f37       0xd9 C:/Freescale/CW MCU v10.6/MCU/ARM_GCC_Support/ewl/lib/armv6-m\librt.a(ROMCopy.o)
 .debug_loc     0x00003010      0x197 C:/Freescale/CW MCU v10.6/MCU/ARM_GCC_Support/ewl/lib/armv6-m\librt.a(__arm_eabi_init.o)

.debug_aranges  0x00000000      0x608
 .debug_aranges
                0x00000000       0x28 ./Project_Settings/Startup_Code/kinetis_sysinit.o
 .debug_aranges
                0x00000028       0x30 ./Project_Settings/Startup_Code/__arm_start.o
 .debug_aranges
                0x00000058       0x20 ./Project_Settings/Startup_Code/__arm_end.o
 .debug_aranges
                0x00000078       0x20 ./Sources/app/app_TFC.o
 .debug_aranges
                0x00000098       0x40 ./Sources/app/app_Servos.o
 .debug_aranges
                0x000000d8       0x28 ./Sources/app/app_LineScanCamera.o
 .debug_aranges
                0x00000100       0x38 ./Sources/app/app_GPIO.o
 .debug_aranges
                0x00000138       0x48 ./Sources/app/app_ADC.o
 .debug_aranges
                0x00000180       0x48 ./Sources/driver/driver_arm_cm0.o
 .debug_aranges
                0x000001c8       0x38 ./Sources/driver/driver_ADC.o
 .debug_aranges
                0x00000200       0x20 ./Sources/gsc_scheduler/gsc_sch_core/gsc_sch_core_tick_isr.o
 .debug_aranges
                0x00000220       0x18 ./Sources/gsc_scheduler/gsc_sch_core/gsc_sch_core_cfg.o
 .debug_aranges
                0x00000238       0x28 ./Sources/gsc_scheduler/gsc_sch_core/gsc_sch_core.o
 .debug_aranges
                0x00000260       0x60 ./Sources/gsc_scheduler/periodic_tasks/periodic_tasks_init.o
 .debug_aranges
                0x000002c0       0x50 ./Sources/gsc_scheduler/periodic_tasks/periodic_tasks_exec.o
 .debug_aranges
                0x00000310       0x28 ./Sources/mcl/CrystalClock.o
 .debug_aranges
                0x00000338       0x20 ./Sources/mcl/ARM_SysTick.o
 .debug_aranges
                0x00000358       0x30 ./Sources/main.o
 .debug_aranges
                0x00000388       0x20 C:/Freescale/CW MCU v10.6/MCU/ARM_GCC_Support/ewl/lib/armv6-m\libc.a(exit.o)
 .debug_aranges
                0x000003a8       0x20 C:/Freescale/CW MCU v10.6/MCU/ARM_GCC_Support/ewl/lib/armv6-m\libc.a(memset.o)
 .debug_aranges
                0x000003c8       0x28 C:/Freescale/CW MCU v10.6/MCU/ARM_GCC_Support/ewl/lib/armv6-m\libc.a(printformat_.o)
 .debug_aranges
                0x000003f0       0x20 C:/Freescale/CW MCU v10.6/MCU/ARM_GCC_Support/ewl/lib/armv6-m\libc.a(scanformat_.o)
 .debug_aranges
                0x00000410       0x88 C:/Freescale/CW MCU v10.6/MCU/ARM_GCC_Support/ewl/lib/armv6-m\libc.a(ctype_aeabi.o)
 .debug_aranges
                0x00000498       0x20 C:/Freescale/CW MCU v10.6/MCU/ARM_GCC_Support/ewl/lib/armv6-m\libc.a(__strtoul.o)
 .debug_aranges
                0x000004b8       0x20 C:/Freescale/CW MCU v10.6/MCU/ARM_GCC_Support/ewl/lib/armv6-m\libc.a(__filll_mem.o)
 .debug_aranges
                0x000004d8       0x20 C:/Freescale/CW MCU v10.6/MCU/ARM_GCC_Support/ewl/lib/armv6-m\libc.a(memchr.o)
 .debug_aranges
                0x000004f8       0x20 C:/Freescale/CW MCU v10.6/MCU/ARM_GCC_Support/ewl/lib/armv6-m\libc.a(memcpy.o)
 .debug_aranges
                0x00000518       0x20 C:/Freescale/CW MCU v10.6/MCU/ARM_GCC_Support/ewl/lib/armv6-m\libc.a(strchr.o)
 .debug_aranges
                0x00000538       0x20 C:/Freescale/CW MCU v10.6/MCU/ARM_GCC_Support/ewl/lib/armv6-m\libc.a(strlen.o)
 .debug_aranges
                0x00000558       0x28 C:/Freescale/CW MCU v10.6/MCU/ARM_GCC_Support/ewl/lib/armv6-m\librt.a(gcc_ctor_dtor.o)
 .debug_aranges
                0x00000580       0x30 C:/Freescale/CW MCU v10.6/MCU/ARM_GCC_Support/ewl/lib/armv6-m\librt.a(ROMCopy.o)
 .debug_aranges
                0x000005b0       0x58 C:/Freescale/CW MCU v10.6/MCU/ARM_GCC_Support/ewl/lib/armv6-m\librt.a(__arm_eabi_init.o)

.debug_macinfo  0x00000000   0x273d44
 .debug_macinfo
                0x00000000    0x264b5 ./Project_Settings/Startup_Code/kinetis_sysinit.o
 .debug_macinfo
                0x000264b5     0x3e6d ./Project_Settings/Startup_Code/__arm_start.o
 .debug_macinfo
                0x0002a322     0x3456 ./Project_Settings/Startup_Code/__arm_end.o
 .debug_macinfo
                0x0002d778    0x270c9 ./Sources/app/app_TFC.o
 .debug_macinfo
                0x00054841    0x270c9 ./Sources/app/app_Servos.o
 .debug_macinfo
                0x0007b90a    0x270c9 ./Sources/app/app_LineScanCamera.o
 .debug_macinfo
                0x000a29d3    0x270c9 ./Sources/app/app_GPIO.o
 .debug_macinfo
                0x000c9a9c    0x27261 ./Sources/app/app_ADC.o
 .debug_macinfo
                0x000f0cfd    0x270c9 ./Sources/driver/driver_arm_cm0.o
 .debug_macinfo
                0x00117dc6    0x27741 ./Sources/driver/driver_ADC.o
 .debug_macinfo
                0x0013f507    0x265e6 ./Sources/gsc_scheduler/gsc_sch_core/gsc_sch_core_tick_isr.o
 .debug_macinfo
                0x00165aed    0x266c8 ./Sources/gsc_scheduler/gsc_sch_core/gsc_sch_core_cfg.o
 .debug_macinfo
                0x0018c1b5    0x266ad ./Sources/gsc_scheduler/gsc_sch_core/gsc_sch_core.o
 .debug_macinfo
                0x001b2862    0x2720d ./Sources/gsc_scheduler/periodic_tasks/periodic_tasks_init.o
 .debug_macinfo
                0x001d9a6f    0x2720d ./Sources/gsc_scheduler/periodic_tasks/periodic_tasks_exec.o
 .debug_macinfo
                0x00200c7c    0x265be ./Sources/mcl/CrystalClock.o
 .debug_macinfo
                0x0022723a    0x264ff ./Sources/mcl/ARM_SysTick.o
 .debug_macinfo
                0x0024d739    0x2660b ./Sources/main.o

.debug_line     0x00000000     0x4272
 .debug_line    0x00000000      0x21c ./Project_Settings/Startup_Code/kinetis_sysinit.o
 .debug_line    0x0000021c      0x29f ./Project_Settings/Startup_Code/__arm_start.o
 .debug_line    0x000004bb      0x266 ./Project_Settings/Startup_Code/__arm_end.o
 .debug_line    0x00000721      0x2da ./Sources/app/app_TFC.o
 .debug_line    0x000009fb      0x33d ./Sources/app/app_Servos.o
 .debug_line    0x00000d38      0x303 ./Sources/app/app_LineScanCamera.o
 .debug_line    0x0000103b      0x350 ./Sources/app/app_GPIO.o
 .debug_line    0x0000138b      0x38b ./Sources/app/app_ADC.o
 .debug_line    0x00001716      0x34b ./Sources/driver/driver_arm_cm0.o
 .debug_line    0x00001a61      0x359 ./Sources/driver/driver_ADC.o
 .debug_line    0x00001dba      0x23e ./Sources/gsc_scheduler/gsc_sch_core/gsc_sch_core_tick_isr.o
 .debug_line    0x00001ff8      0x28c ./Sources/gsc_scheduler/gsc_sch_core/gsc_sch_core_cfg.o
 .debug_line    0x00002284      0x281 ./Sources/gsc_scheduler/gsc_sch_core/gsc_sch_core.o
 .debug_line    0x00002505      0x3c9 ./Sources/gsc_scheduler/periodic_tasks/periodic_tasks_init.o
 .debug_line    0x000028ce      0x3a8 ./Sources/gsc_scheduler/periodic_tasks/periodic_tasks_exec.o
 .debug_line    0x00002c76      0x2a2 ./Sources/mcl/CrystalClock.o
 .debug_line    0x00002f18      0x203 ./Sources/mcl/ARM_SysTick.o
 .debug_line    0x0000311b      0x27b ./Sources/main.o
 .debug_line    0x00003396       0x8d C:/Freescale/CW MCU v10.6/MCU/ARM_GCC_Support/ewl/lib/armv6-m\libc.a(exit.o)
 .debug_line    0x00003423       0x90 C:/Freescale/CW MCU v10.6/MCU/ARM_GCC_Support/ewl/lib/armv6-m\libc.a(memset.o)
 .debug_line    0x000034b3      0x2c3 C:/Freescale/CW MCU v10.6/MCU/ARM_GCC_Support/ewl/lib/armv6-m\libc.a(printformat_.o)
 .debug_line    0x00003776      0x2be C:/Freescale/CW MCU v10.6/MCU/ARM_GCC_Support/ewl/lib/armv6-m\libc.a(scanformat_.o)
 .debug_line    0x00003a34      0x1be C:/Freescale/CW MCU v10.6/MCU/ARM_GCC_Support/ewl/lib/armv6-m\libc.a(ctype_aeabi.o)
 .debug_line    0x00003bf2      0x11e C:/Freescale/CW MCU v10.6/MCU/ARM_GCC_Support/ewl/lib/armv6-m\libc.a(__strtoul.o)
 .debug_line    0x00003d10       0xf6 C:/Freescale/CW MCU v10.6/MCU/ARM_GCC_Support/ewl/lib/armv6-m\libc.a(__filll_mem.o)
 .debug_line    0x00003e06       0x9f C:/Freescale/CW MCU v10.6/MCU/ARM_GCC_Support/ewl/lib/armv6-m\libc.a(memchr.o)
 .debug_line    0x00003ea5       0x8b C:/Freescale/CW MCU v10.6/MCU/ARM_GCC_Support/ewl/lib/armv6-m\libc.a(memcpy.o)
 .debug_line    0x00003f30       0x7d C:/Freescale/CW MCU v10.6/MCU/ARM_GCC_Support/ewl/lib/armv6-m\libc.a(strchr.o)
 .debug_line    0x00003fad       0x85 C:/Freescale/CW MCU v10.6/MCU/ARM_GCC_Support/ewl/lib/armv6-m\libc.a(strlen.o)
 .debug_line    0x00004032       0x6c C:/Freescale/CW MCU v10.6/MCU/ARM_GCC_Support/ewl/lib/armv6-m\librt.a(gcc_ctor_dtor.o)
 .debug_line    0x0000409e       0xbd C:/Freescale/CW MCU v10.6/MCU/ARM_GCC_Support/ewl/lib/armv6-m\librt.a(ROMCopy.o)
 .debug_line    0x0000415b      0x117 C:/Freescale/CW MCU v10.6/MCU/ARM_GCC_Support/ewl/lib/armv6-m\librt.a(__arm_eabi_init.o)

.debug_str      0x00000000     0x1a44
 .debug_str     0x00000000      0x29d ./Project_Settings/Startup_Code/kinetis_sysinit.o
                                0x2c4 (size before relaxing)
 .debug_str     0x0000029d       0x85 ./Project_Settings/Startup_Code/__arm_start.o
                                0x19e (size before relaxing)
 .debug_str     0x00000322       0x41 ./Project_Settings/Startup_Code/__arm_end.o
                                 0xd5 (size before relaxing)
 .debug_str     0x00000363       0x25 ./Sources/app/app_TFC.o
                                0x131 (size before relaxing)
 .debug_str     0x00000388      0x32a ./Sources/app/app_Servos.o
                                0x537 (size before relaxing)
 .debug_str     0x000006b2      0x193 ./Sources/app/app_LineScanCamera.o
                                0x3c8 (size before relaxing)
 .debug_str     0x00000845       0x72 ./Sources/app/app_GPIO.o
                                0x2da (size before relaxing)
 .debug_str     0x000008b7      0x138 ./Sources/app/app_ADC.o
                                0x6bd (size before relaxing)
 .debug_str     0x000009ef       0xaa ./Sources/driver/driver_arm_cm0.o
                                0x244 (size before relaxing)
 .debug_str     0x00000a99       0xfb ./Sources/driver/driver_ADC.o
                                0x5a8 (size before relaxing)
 .debug_str     0x00000b94       0x86 ./Sources/gsc_scheduler/gsc_sch_core/gsc_sch_core_tick_isr.o
                                0x19a (size before relaxing)
 .debug_str     0x00000c1a      0x157 ./Sources/gsc_scheduler/gsc_sch_core/gsc_sch_core_cfg.o
                                0x26b (size before relaxing)
 .debug_str     0x00000d71       0xac ./Sources/gsc_scheduler/gsc_sch_core/gsc_sch_core.o
                                0x310 (size before relaxing)
 .debug_str     0x00000e1d      0x150 ./Sources/gsc_scheduler/periodic_tasks/periodic_tasks_init.o
                                0x269 (size before relaxing)
 .debug_str     0x00000f6d       0xf5 ./Sources/gsc_scheduler/periodic_tasks/periodic_tasks_exec.o
                                0x20e (size before relaxing)
 .debug_str     0x00001062       0xc5 ./Sources/mcl/CrystalClock.o
                                0x1ea (size before relaxing)
 .debug_str     0x00001127       0x50 ./Sources/mcl/ARM_SysTick.o
                                0x160 (size before relaxing)
 .debug_str     0x00001177       0x45 ./Sources/main.o
                                0x250 (size before relaxing)
 .debug_str     0x000011bc       0x54 C:/Freescale/CW MCU v10.6/MCU/ARM_GCC_Support/ewl/lib/armv6-m\libc.a(exit.o)
                                0x157 (size before relaxing)
 .debug_str     0x00001210       0x23 C:/Freescale/CW MCU v10.6/MCU/ARM_GCC_Support/ewl/lib/armv6-m\libc.a(memset.o)
                                0x140 (size before relaxing)
 .debug_str     0x00001233      0x23b C:/Freescale/CW MCU v10.6/MCU/ARM_GCC_Support/ewl/lib/armv6-m\libc.a(printformat_.o)
                                0x3b3 (size before relaxing)
 .debug_str     0x0000146e      0x184 C:/Freescale/CW MCU v10.6/MCU/ARM_GCC_Support/ewl/lib/armv6-m\libc.a(scanformat_.o)
                                0x3f9 (size before relaxing)
 .debug_str     0x000015f2       0x9d C:/Freescale/CW MCU v10.6/MCU/ARM_GCC_Support/ewl/lib/armv6-m\libc.a(ctype_aeabi.o)
                                0x1bc (size before relaxing)
 .debug_str     0x0000168f       0x61 C:/Freescale/CW MCU v10.6/MCU/ARM_GCC_Support/ewl/lib/armv6-m\libc.a(__strtoul.o)
                                0x1fb (size before relaxing)
 .debug_str     0x000016f0       0x25 C:/Freescale/CW MCU v10.6/MCU/ARM_GCC_Support/ewl/lib/armv6-m\libc.a(__filll_mem.o)
                                0x152 (size before relaxing)
 .debug_str     0x00001715       0x1c C:/Freescale/CW MCU v10.6/MCU/ARM_GCC_Support/ewl/lib/armv6-m\libc.a(memchr.o)
                                0x148 (size before relaxing)
 .debug_str     0x00001731       0x1c C:/Freescale/CW MCU v10.6/MCU/ARM_GCC_Support/ewl/lib/armv6-m\libc.a(memcpy.o)
                                0x138 (size before relaxing)
 .debug_str     0x0000174d       0x1c C:/Freescale/CW MCU v10.6/MCU/ARM_GCC_Support/ewl/lib/armv6-m\libc.a(strchr.o)
                                0x137 (size before relaxing)
 .debug_str     0x00001769       0x1c C:/Freescale/CW MCU v10.6/MCU/ARM_GCC_Support/ewl/lib/armv6-m\libc.a(strlen.o)
                                0x140 (size before relaxing)
 .debug_str     0x00001785      0x126 C:/Freescale/CW MCU v10.6/MCU/ARM_GCC_Support/ewl/lib/armv6-m\librt.a(gcc_ctor_dtor.o)
                                0x181 (size before relaxing)
 .debug_str     0x000018ab       0xa1 C:/Freescale/CW MCU v10.6/MCU/ARM_GCC_Support/ewl/lib/armv6-m\librt.a(ROMCopy.o)
                                0x13c (size before relaxing)
 .debug_str     0x0000194c       0xf8 C:/Freescale/CW MCU v10.6/MCU/ARM_GCC_Support/ewl/lib/armv6-m\librt.a(__arm_eabi_init.o)
                                0x1b5 (size before relaxing)

.comment        0x00000000       0x79
 .comment       0x00000000       0x79 ./Project_Settings/Startup_Code/kinetis_sysinit.o
                                 0x7a (size before relaxing)
 .comment       0x00000000       0x7a ./Project_Settings/Startup_Code/__arm_start.o
 .comment       0x00000000       0x7a ./Project_Settings/Startup_Code/__arm_end.o
 .comment       0x00000000       0x7a ./Sources/app/app_TFC.o
 .comment       0x00000000       0x7a ./Sources/app/app_Servos.o
 .comment       0x00000000       0x7a ./Sources/app/app_LineScanCamera.o
 .comment       0x00000000       0x7a ./Sources/app/app_GPIO.o
 .comment       0x00000000       0x7a ./Sources/app/app_ADC.o
 .comment       0x00000000       0x7a ./Sources/driver/driver_arm_cm0.o
 .comment       0x00000000       0x7a ./Sources/driver/driver_ADC.o
 .comment       0x00000000       0x7a ./Sources/gsc_scheduler/gsc_sch_core/gsc_sch_core_tick_isr.o
 .comment       0x00000000       0x7a ./Sources/gsc_scheduler/gsc_sch_core/gsc_sch_core_cfg.o
 .comment       0x00000000       0x7a ./Sources/gsc_scheduler/gsc_sch_core/gsc_sch_core.o
 .comment       0x00000000       0x7a ./Sources/gsc_scheduler/periodic_tasks/periodic_tasks_init.o
 .comment       0x00000000       0x7a ./Sources/gsc_scheduler/periodic_tasks/periodic_tasks_exec.o
 .comment       0x00000000       0x7a ./Sources/mcl/CrystalClock.o
 .comment       0x00000000       0x7a ./Sources/mcl/ARM_SysTick.o
 .comment       0x00000000       0x7a ./Sources/main.o
 .comment       0x00000000       0x7a C:/Freescale/CW MCU v10.6/MCU/ARM_GCC_Support/ewl/lib/armv6-m\libc.a(exit.o)
 .comment       0x00000000       0x7a C:/Freescale/CW MCU v10.6/MCU/ARM_GCC_Support/ewl/lib/armv6-m\libc.a(memset.o)
 .comment       0x00000000       0x7a C:/Freescale/CW MCU v10.6/MCU/ARM_GCC_Support/ewl/lib/armv6-m\libc.a(printformat_.o)
 .comment       0x00000000       0x7a C:/Freescale/CW MCU v10.6/MCU/ARM_GCC_Support/ewl/lib/armv6-m\libc.a(scanformat_.o)
 .comment       0x00000000       0x7a C:/Freescale/CW MCU v10.6/MCU/ARM_GCC_Support/ewl/lib/armv6-m\libc.a(ctype_aeabi.o)
 .comment       0x00000000       0x7a C:/Freescale/CW MCU v10.6/MCU/ARM_GCC_Support/ewl/lib/armv6-m\libc.a(__strtoul.o)
 .comment       0x00000000       0x7a C:/Freescale/CW MCU v10.6/MCU/ARM_GCC_Support/ewl/lib/armv6-m\libc.a(__filll_mem.o)
 .comment       0x00000000       0x7a C:/Freescale/CW MCU v10.6/MCU/ARM_GCC_Support/ewl/lib/armv6-m\libc.a(memchr.o)
 .comment       0x00000000       0x7a C:/Freescale/CW MCU v10.6/MCU/ARM_GCC_Support/ewl/lib/armv6-m\libc.a(memcpy.o)
 .comment       0x00000000       0x7a C:/Freescale/CW MCU v10.6/MCU/ARM_GCC_Support/ewl/lib/armv6-m\libc.a(strchr.o)
 .comment       0x00000000       0x7a C:/Freescale/CW MCU v10.6/MCU/ARM_GCC_Support/ewl/lib/armv6-m\libc.a(strlen.o)
 .comment       0x00000000       0x7a C:/Freescale/CW MCU v10.6/MCU/ARM_GCC_Support/ewl/lib/armv6-m\librt.a(gcc_ctor_dtor.o)
 .comment       0x00000000       0x7a C:/Freescale/CW MCU v10.6/MCU/ARM_GCC_Support/ewl/lib/armv6-m\librt.a(ROMCopy.o)
 .comment       0x00000000       0x7a C:/Freescale/CW MCU v10.6/MCU/ARM_GCC_Support/ewl/lib/armv6-m\librt.a(__arm_eabi_init.o)

.debug_frame    0x00000000      0xf2c
 .debug_frame   0x00000000       0x48 ./Project_Settings/Startup_Code/kinetis_sysinit.o
 .debug_frame   0x00000048       0x4c ./Project_Settings/Startup_Code/__arm_start.o
 .debug_frame   0x00000094       0x30 ./Project_Settings/Startup_Code/__arm_end.o
 .debug_frame   0x000000c4       0x2c ./Sources/app/app_TFC.o
 .debug_frame   0x000000f0       0xa8 ./Sources/app/app_Servos.o
 .debug_frame   0x00000198       0x4c ./Sources/app/app_LineScanCamera.o
 .debug_frame   0x000001e4       0x88 ./Sources/app/app_GPIO.o
 .debug_frame   0x0000026c       0xc0 ./Sources/app/app_ADC.o
 .debug_frame   0x0000032c       0xc8 ./Sources/driver/driver_arm_cm0.o
 .debug_frame   0x000003f4       0x90 ./Sources/driver/driver_ADC.o
 .debug_frame   0x00000484       0x2c ./Sources/gsc_scheduler/gsc_sch_core/gsc_sch_core_tick_isr.o
 .debug_frame   0x000004b0       0x50 ./Sources/gsc_scheduler/gsc_sch_core/gsc_sch_core.o
 .debug_frame   0x00000500      0x10c ./Sources/gsc_scheduler/periodic_tasks/periodic_tasks_init.o
 .debug_frame   0x0000060c       0xd4 ./Sources/gsc_scheduler/periodic_tasks/periodic_tasks_exec.o
 .debug_frame   0x000006e0       0x50 ./Sources/mcl/CrystalClock.o
 .debug_frame   0x00000730       0x2c ./Sources/mcl/ARM_SysTick.o
 .debug_frame   0x0000075c       0x64 ./Sources/main.o
 .debug_frame   0x000007c0       0x2c C:/Freescale/CW MCU v10.6/MCU/ARM_GCC_Support/ewl/lib/armv6-m\libc.a(exit.o)
 .debug_frame   0x000007ec       0x28 C:/Freescale/CW MCU v10.6/MCU/ARM_GCC_Support/ewl/lib/armv6-m\libc.a(memset.o)
 .debug_frame   0x00000814       0x54 C:/Freescale/CW MCU v10.6/MCU/ARM_GCC_Support/ewl/lib/armv6-m\libc.a(printformat_.o)
 .debug_frame   0x00000868       0x34 C:/Freescale/CW MCU v10.6/MCU/ARM_GCC_Support/ewl/lib/armv6-m\libc.a(scanformat_.o)
 .debug_frame   0x0000089c      0x158 C:/Freescale/CW MCU v10.6/MCU/ARM_GCC_Support/ewl/lib/armv6-m\libc.a(ctype_aeabi.o)
 .debug_frame   0x000009f4       0x30 C:/Freescale/CW MCU v10.6/MCU/ARM_GCC_Support/ewl/lib/armv6-m\libc.a(__strtoul.o)
 .debug_frame   0x00000a24       0x2c C:/Freescale/CW MCU v10.6/MCU/ARM_GCC_Support/ewl/lib/armv6-m\libc.a(__filll_mem.o)
 .debug_frame   0x00000a50       0x28 C:/Freescale/CW MCU v10.6/MCU/ARM_GCC_Support/ewl/lib/armv6-m\libc.a(memchr.o)
 .debug_frame   0x00000a78       0x28 C:/Freescale/CW MCU v10.6/MCU/ARM_GCC_Support/ewl/lib/armv6-m\libc.a(memcpy.o)
 .debug_frame   0x00000aa0       0x28 C:/Freescale/CW MCU v10.6/MCU/ARM_GCC_Support/ewl/lib/armv6-m\libc.a(strchr.o)
 .debug_frame   0x00000ac8       0x28 C:/Freescale/CW MCU v10.6/MCU/ARM_GCC_Support/ewl/lib/armv6-m\libc.a(strlen.o)
 .debug_frame   0x00000af0       0x20 c:/freescale/cw mcu v10.6/cross_tools/arm-none-eabi-gcc-4_7_3/bin/../lib/gcc/arm-none-eabi/4.7.3/armv6-m\libgcc.a(_udivsi3.o)
 .debug_frame   0x00000b10       0x20 c:/freescale/cw mcu v10.6/cross_tools/arm-none-eabi-gcc-4_7_3/bin/../lib/gcc/arm-none-eabi/4.7.3/armv6-m\libgcc.a(_divsi3.o)
 .debug_frame   0x00000b30       0x28 c:/freescale/cw mcu v10.6/cross_tools/arm-none-eabi-gcc-4_7_3/bin/../lib/gcc/arm-none-eabi/4.7.3/armv6-m\libgcc.a(_fixunssfsi.o)
 .debug_frame   0x00000b58       0x3c c:/freescale/cw mcu v10.6/cross_tools/arm-none-eabi-gcc-4_7_3/bin/../lib/gcc/arm-none-eabi/4.7.3/armv6-m\libgcc.a(mulsf3.o)
 .debug_frame   0x00000b94       0x30 c:/freescale/cw mcu v10.6/cross_tools/arm-none-eabi-gcc-4_7_3/bin/../lib/gcc/arm-none-eabi/4.7.3/armv6-m\libgcc.a(subsf3.o)
 .debug_frame   0x00000bc4       0x28 c:/freescale/cw mcu v10.6/cross_tools/arm-none-eabi-gcc-4_7_3/bin/../lib/gcc/arm-none-eabi/4.7.3/armv6-m\libgcc.a(fixsfsi.o)
 .debug_frame   0x00000bec       0x28 c:/freescale/cw mcu v10.6/cross_tools/arm-none-eabi-gcc-4_7_3/bin/../lib/gcc/arm-none-eabi/4.7.3/armv6-m\libgcc.a(floatunsisf.o)
 .debug_frame   0x00000c14       0x3c c:/freescale/cw mcu v10.6/cross_tools/arm-none-eabi-gcc-4_7_3/bin/../lib/gcc/arm-none-eabi/4.7.3/armv6-m\libgcc.a(adddf3.o)
 .debug_frame   0x00000c50       0x3c c:/freescale/cw mcu v10.6/cross_tools/arm-none-eabi-gcc-4_7_3/bin/../lib/gcc/arm-none-eabi/4.7.3/armv6-m\libgcc.a(divdf3.o)
 .debug_frame   0x00000c8c       0x3c c:/freescale/cw mcu v10.6/cross_tools/arm-none-eabi-gcc-4_7_3/bin/../lib/gcc/arm-none-eabi/4.7.3/armv6-m\libgcc.a(muldf3.o)
 .debug_frame   0x00000cc8       0x2c c:/freescale/cw mcu v10.6/cross_tools/arm-none-eabi-gcc-4_7_3/bin/../lib/gcc/arm-none-eabi/4.7.3/armv6-m\libgcc.a(floatunsidf.o)
 .debug_frame   0x00000cf4       0x2c c:/freescale/cw mcu v10.6/cross_tools/arm-none-eabi-gcc-4_7_3/bin/../lib/gcc/arm-none-eabi/4.7.3/armv6-m\libgcc.a(extendsfdf2.o)
 .debug_frame   0x00000d20       0x30 c:/freescale/cw mcu v10.6/cross_tools/arm-none-eabi-gcc-4_7_3/bin/../lib/gcc/arm-none-eabi/4.7.3/armv6-m\libgcc.a(truncdfsf2.o)
 .debug_frame   0x00000d50       0x2c c:/freescale/cw mcu v10.6/cross_tools/arm-none-eabi-gcc-4_7_3/bin/../lib/gcc/arm-none-eabi/4.7.3/armv6-m\libgcc.a(eqsf2.o)
 .debug_frame   0x00000d7c       0x30 c:/freescale/cw mcu v10.6/cross_tools/arm-none-eabi-gcc-4_7_3/bin/../lib/gcc/arm-none-eabi/4.7.3/armv6-m\libgcc.a(gesf2.o)
 .debug_frame   0x00000dac       0x30 c:/freescale/cw mcu v10.6/cross_tools/arm-none-eabi-gcc-4_7_3/bin/../lib/gcc/arm-none-eabi/4.7.3/armv6-m\libgcc.a(lesf2.o)
 .debug_frame   0x00000ddc       0x40 C:/Freescale/CW MCU v10.6/MCU/ARM_GCC_Support/ewl/lib/armv6-m\librt.a(gcc_ctor_dtor.o)
 .debug_frame   0x00000e1c       0x54 C:/Freescale/CW MCU v10.6/MCU/ARM_GCC_Support/ewl/lib/armv6-m\librt.a(ROMCopy.o)
 .debug_frame   0x00000e70       0xbc C:/Freescale/CW MCU v10.6/MCU/ARM_GCC_Support/ewl/lib/armv6-m\librt.a(__arm_eabi_init.o)
