Archive member included because of file (symbol)

C:/Freescale/CW MCU v10.6/MCU/ARM_GCC_Support/ewl/lib/armv6-m\libc.a(exit.o)
                              ./Project_Settings/Startup_Code/__arm_start.o (exit)
C:/Freescale/CW MCU v10.6/MCU/ARM_GCC_Support/ewl/lib/armv6-m\libc.a(memset.o)
                              ./Project_Settings/Startup_Code/__arm_start.o (memset)
C:/Freescale/CW MCU v10.6/MCU/ARM_GCC_Support/ewl/lib/armv6-m\libc.a(printformat_.o)
                              (__pformatter_)
C:/Freescale/CW MCU v10.6/MCU/ARM_GCC_Support/ewl/lib/armv6-m\libc.a(scanformat_.o)
                              (__sformatter)
C:/Freescale/CW MCU v10.6/MCU/ARM_GCC_Support/ewl/lib/armv6-m\libc.a(ctype_aeabi.o)
                              C:/Freescale/CW MCU v10.6/MCU/ARM_GCC_Support/ewl/lib/armv6-m\libc.a(scanformat_.o) (isspace)
C:/Freescale/CW MCU v10.6/MCU/ARM_GCC_Support/ewl/lib/armv6-m\libc.a(__strtoul.o)
                              C:/Freescale/CW MCU v10.6/MCU/ARM_GCC_Support/ewl/lib/armv6-m\libc.a(scanformat_.o) (__strtoul)
C:/Freescale/CW MCU v10.6/MCU/ARM_GCC_Support/ewl/lib/armv6-m\libc.a(__filll_mem.o)
                              C:/Freescale/CW MCU v10.6/MCU/ARM_GCC_Support/ewl/lib/armv6-m\libc.a(memset.o) (__fill_mem)
C:/Freescale/CW MCU v10.6/MCU/ARM_GCC_Support/ewl/lib/armv6-m\libc.a(memchr.o)
                              C:/Freescale/CW MCU v10.6/MCU/ARM_GCC_Support/ewl/lib/armv6-m\libc.a(printformat_.o) (memchr)
C:/Freescale/CW MCU v10.6/MCU/ARM_GCC_Support/ewl/lib/armv6-m\libc.a(memcpy.o)
                              C:/Freescale/CW MCU v10.6/MCU/ARM_GCC_Support/ewl/lib/armv6-m\libc.a(scanformat_.o) (memcpy)
C:/Freescale/CW MCU v10.6/MCU/ARM_GCC_Support/ewl/lib/armv6-m\libc.a(strchr.o)
                              C:/Freescale/CW MCU v10.6/MCU/ARM_GCC_Support/ewl/lib/armv6-m\libc.a(printformat_.o) (strchr)
C:/Freescale/CW MCU v10.6/MCU/ARM_GCC_Support/ewl/lib/armv6-m\libc.a(strlen.o)
                              C:/Freescale/CW MCU v10.6/MCU/ARM_GCC_Support/ewl/lib/armv6-m\libc.a(printformat_.o) (strlen)
c:/freescale/cw mcu v10.6/cross_tools/arm-none-eabi-gcc-4_7_3/bin/../lib/gcc/arm-none-eabi/4.7.3/armv6-m\libgcc.a(_thumb1_case_sqi.o)
                              C:/Freescale/CW MCU v10.6/MCU/ARM_GCC_Support/ewl/lib/armv6-m\libc.a(__strtoul.o) (__gnu_thumb1_case_sqi)
c:/freescale/cw mcu v10.6/cross_tools/arm-none-eabi-gcc-4_7_3/bin/../lib/gcc/arm-none-eabi/4.7.3/armv6-m\libgcc.a(_thumb1_case_uqi.o)
                              C:/Freescale/CW MCU v10.6/MCU/ARM_GCC_Support/ewl/lib/armv6-m\libc.a(scanformat_.o) (__gnu_thumb1_case_uqi)
c:/freescale/cw mcu v10.6/cross_tools/arm-none-eabi-gcc-4_7_3/bin/../lib/gcc/arm-none-eabi/4.7.3/armv6-m\libgcc.a(_udivsi3.o)
                              C:/Freescale/CW MCU v10.6/MCU/ARM_GCC_Support/ewl/lib/armv6-m\libc.a(printformat_.o) (__aeabi_uidiv)
c:/freescale/cw mcu v10.6/cross_tools/arm-none-eabi-gcc-4_7_3/bin/../lib/gcc/arm-none-eabi/4.7.3/armv6-m\libgcc.a(_divsi3.o)
                              ./Sources/mcl/CrystalClock.o (__aeabi_idiv)
c:/freescale/cw mcu v10.6/cross_tools/arm-none-eabi-gcc-4_7_3/bin/../lib/gcc/arm-none-eabi/4.7.3/armv6-m\libgcc.a(_dvmd_tls.o)
                              c:/freescale/cw mcu v10.6/cross_tools/arm-none-eabi-gcc-4_7_3/bin/../lib/gcc/arm-none-eabi/4.7.3/armv6-m\libgcc.a(_udivsi3.o) (__aeabi_idiv0)
C:/Freescale/CW MCU v10.6/MCU/ARM_GCC_Support/ewl/lib/armv6-m\librt.a(gcc_ctor_dtor.o)
                              ./Project_Settings/Startup_Code/__arm_start.o (__init_cpp)
C:/Freescale/CW MCU v10.6/MCU/ARM_GCC_Support/ewl/lib/armv6-m\librt.a(ROMCopy.o)
                              ./Project_Settings/Startup_Code/__arm_start.o (__copy_rom_sections_to_ram)
C:/Freescale/CW MCU v10.6/MCU/ARM_GCC_Support/ewl/lib/armv6-m\librt.a(__arm_eabi_init.o)
                              C:/Freescale/CW MCU v10.6/MCU/ARM_GCC_Support/ewl/lib/armv6-m\libc.a(exit.o) (__destroy_global_chain)

Allocating common symbols
Common symbol       size              file

rt_curOpMode        0x2               ./Sources/gsc_scheduler/gsc_sch_core/gsc_sch_core.o

Discarded input sections

 .text          0x00000000        0x0 ./Project_Settings/Startup_Code/kinetis_sysinit.o
 .data          0x00000000        0x0 ./Project_Settings/Startup_Code/kinetis_sysinit.o
 .bss           0x00000000        0x0 ./Project_Settings/Startup_Code/kinetis_sysinit.o
 .text          0x00000000        0x0 ./Project_Settings/Startup_Code/__arm_start.o
 .data          0x00000000        0x0 ./Project_Settings/Startup_Code/__arm_start.o
 .bss           0x00000000        0x0 ./Project_Settings/Startup_Code/__arm_start.o
 .text.__iar_program_start
                0x00000000        0x4 ./Project_Settings/Startup_Code/__arm_start.o
 .text          0x00000000        0x0 ./Project_Settings/Startup_Code/__arm_end.o
 .data          0x00000000        0x0 ./Project_Settings/Startup_Code/__arm_end.o
 .bss           0x00000000        0x0 ./Project_Settings/Startup_Code/__arm_end.o
 .text          0x00000000        0x0 ./Sources/app/app_GPIO.o
 .data          0x00000000        0x0 ./Sources/app/app_GPIO.o
 .bss           0x00000000        0x0 ./Sources/app/app_GPIO.o
 .text.app_SetBatteryLED_Level
                0x00000000       0x78 ./Sources/app/app_GPIO.o
 .text.app_GetDIP_Switch
                0x00000000       0x2c ./Sources/app/app_GPIO.o
 .text          0x00000000        0x0 ./Sources/gsc_scheduler/gsc_sch_core/gsc_sch_core_tick_isr.o
 .data          0x00000000        0x0 ./Sources/gsc_scheduler/gsc_sch_core/gsc_sch_core_tick_isr.o
 .bss           0x00000000        0x0 ./Sources/gsc_scheduler/gsc_sch_core/gsc_sch_core_tick_isr.o
 .text          0x00000000        0x0 ./Sources/gsc_scheduler/gsc_sch_core/gsc_sch_core_cfg.o
 .data          0x00000000        0x0 ./Sources/gsc_scheduler/gsc_sch_core/gsc_sch_core_cfg.o
 .bss           0x00000000        0x0 ./Sources/gsc_scheduler/gsc_sch_core/gsc_sch_core_cfg.o
 .text          0x00000000        0x0 ./Sources/gsc_scheduler/gsc_sch_core/gsc_sch_core.o
 .data          0x00000000        0x0 ./Sources/gsc_scheduler/gsc_sch_core/gsc_sch_core.o
 .bss           0x00000000        0x0 ./Sources/gsc_scheduler/gsc_sch_core/gsc_sch_core.o
 .text          0x00000000        0x0 ./Sources/gsc_scheduler/periodic_tasks/periodic_tasks_init.o
 .data          0x00000000        0x0 ./Sources/gsc_scheduler/periodic_tasks/periodic_tasks_init.o
 .bss           0x00000000        0x0 ./Sources/gsc_scheduler/periodic_tasks/periodic_tasks_init.o
 .text          0x00000000        0x0 ./Sources/gsc_scheduler/periodic_tasks/periodic_tasks_exec.o
 .data          0x00000000        0x0 ./Sources/gsc_scheduler/periodic_tasks/periodic_tasks_exec.o
 .bss           0x00000000        0x0 ./Sources/gsc_scheduler/periodic_tasks/periodic_tasks_exec.o
 .text          0x00000000        0x0 ./Sources/mcl/interrupts.o
 .data          0x00000000        0x0 ./Sources/mcl/interrupts.o
 .bss           0x00000000        0x0 ./Sources/mcl/interrupts.o
 .debug_info    0x00000000       0x6f ./Sources/mcl/interrupts.o
 .debug_abbrev  0x00000000       0x28 ./Sources/mcl/interrupts.o
 .debug_aranges
                0x00000000       0x18 ./Sources/mcl/interrupts.o
 .debug_macinfo
                0x00000000    0x26578 ./Sources/mcl/interrupts.o
 .debug_line    0x00000000      0x1ed ./Sources/mcl/interrupts.o
 .debug_str     0x00000000      0x130 ./Sources/mcl/interrupts.o
 .comment       0x00000000       0x7a ./Sources/mcl/interrupts.o
 .ARM.attributes
                0x00000000       0x31 ./Sources/mcl/interrupts.o
 .text          0x00000000        0x0 ./Sources/mcl/CrystalClock.o
 .data          0x00000000        0x0 ./Sources/mcl/CrystalClock.o
 .bss           0x00000000        0x0 ./Sources/mcl/CrystalClock.o
 .text          0x00000000        0x0 ./Sources/mcl/ARM_SysTick.o
 .data          0x00000000        0x0 ./Sources/mcl/ARM_SysTick.o
 .bss           0x00000000        0x0 ./Sources/mcl/ARM_SysTick.o
 .text          0x00000000        0x0 ./Sources/sa_mtb.o
 .data          0x00000000        0x0 ./Sources/sa_mtb.o
 .bss           0x00000000        0x0 ./Sources/sa_mtb.o
 .debug_info    0x00000000       0x21 ./Sources/sa_mtb.o
 .debug_abbrev  0x00000000       0x12 ./Sources/sa_mtb.o
 .debug_aranges
                0x00000000       0x18 ./Sources/sa_mtb.o
 .debug_macinfo
                0x00000000     0x24d8 ./Sources/sa_mtb.o
 .debug_line    0x00000000       0xaa ./Sources/sa_mtb.o
 .debug_str     0x00000000       0x9b ./Sources/sa_mtb.o
 .comment       0x00000000       0x7a ./Sources/sa_mtb.o
 .ARM.attributes
                0x00000000       0x31 ./Sources/sa_mtb.o
 .text          0x00000000        0x0 ./Sources/main.o
 .data          0x00000000        0x0 ./Sources/main.o
 .bss           0x00000000        0x0 ./Sources/main.o
 .text          0x00000000        0x0 C:/Freescale/CW MCU v10.6/MCU/ARM_GCC_Support/ewl/lib/armv6-m\libc.a(exit.o)
 .data          0x00000000        0x0 C:/Freescale/CW MCU v10.6/MCU/ARM_GCC_Support/ewl/lib/armv6-m\libc.a(exit.o)
 .bss           0x00000000        0x0 C:/Freescale/CW MCU v10.6/MCU/ARM_GCC_Support/ewl/lib/armv6-m\libc.a(exit.o)
 .text          0x00000000        0x0 C:/Freescale/CW MCU v10.6/MCU/ARM_GCC_Support/ewl/lib/armv6-m\libc.a(memset.o)
 .data          0x00000000        0x0 C:/Freescale/CW MCU v10.6/MCU/ARM_GCC_Support/ewl/lib/armv6-m\libc.a(memset.o)
 .bss           0x00000000        0x0 C:/Freescale/CW MCU v10.6/MCU/ARM_GCC_Support/ewl/lib/armv6-m\libc.a(memset.o)
 .text          0x00000000        0x0 C:/Freescale/CW MCU v10.6/MCU/ARM_GCC_Support/ewl/lib/armv6-m\libc.a(printformat_.o)
 .data          0x00000000        0x0 C:/Freescale/CW MCU v10.6/MCU/ARM_GCC_Support/ewl/lib/armv6-m\libc.a(printformat_.o)
 .bss           0x00000000        0x0 C:/Freescale/CW MCU v10.6/MCU/ARM_GCC_Support/ewl/lib/armv6-m\libc.a(printformat_.o)
 .text          0x00000000        0x0 C:/Freescale/CW MCU v10.6/MCU/ARM_GCC_Support/ewl/lib/armv6-m\libc.a(scanformat_.o)
 .data          0x00000000        0x0 C:/Freescale/CW MCU v10.6/MCU/ARM_GCC_Support/ewl/lib/armv6-m\libc.a(scanformat_.o)
 .bss           0x00000000        0x0 C:/Freescale/CW MCU v10.6/MCU/ARM_GCC_Support/ewl/lib/armv6-m\libc.a(scanformat_.o)
 .text          0x00000000        0x0 C:/Freescale/CW MCU v10.6/MCU/ARM_GCC_Support/ewl/lib/armv6-m\libc.a(ctype_aeabi.o)
 .data          0x00000000        0x0 C:/Freescale/CW MCU v10.6/MCU/ARM_GCC_Support/ewl/lib/armv6-m\libc.a(ctype_aeabi.o)
 .bss           0x00000000        0x0 C:/Freescale/CW MCU v10.6/MCU/ARM_GCC_Support/ewl/lib/armv6-m\libc.a(ctype_aeabi.o)
 .text.isalnum  0x00000000       0x1c C:/Freescale/CW MCU v10.6/MCU/ARM_GCC_Support/ewl/lib/armv6-m\libc.a(ctype_aeabi.o)
 .text.iscntrl  0x00000000       0x20 C:/Freescale/CW MCU v10.6/MCU/ARM_GCC_Support/ewl/lib/armv6-m\libc.a(ctype_aeabi.o)
 .text.isdigit  0x00000000        0xe C:/Freescale/CW MCU v10.6/MCU/ARM_GCC_Support/ewl/lib/armv6-m\libc.a(ctype_aeabi.o)
 .text.isgraph  0x00000000       0x1c C:/Freescale/CW MCU v10.6/MCU/ARM_GCC_Support/ewl/lib/armv6-m\libc.a(ctype_aeabi.o)
 .text.islower  0x00000000       0x20 C:/Freescale/CW MCU v10.6/MCU/ARM_GCC_Support/ewl/lib/armv6-m\libc.a(ctype_aeabi.o)
 .text.isprint  0x00000000       0x1c C:/Freescale/CW MCU v10.6/MCU/ARM_GCC_Support/ewl/lib/armv6-m\libc.a(ctype_aeabi.o)
 .text.ispunct  0x00000000       0x20 C:/Freescale/CW MCU v10.6/MCU/ARM_GCC_Support/ewl/lib/armv6-m\libc.a(ctype_aeabi.o)
 .text.isupper  0x00000000       0x20 C:/Freescale/CW MCU v10.6/MCU/ARM_GCC_Support/ewl/lib/armv6-m\libc.a(ctype_aeabi.o)
 .text.isxdigit
                0x00000000       0x20 C:/Freescale/CW MCU v10.6/MCU/ARM_GCC_Support/ewl/lib/armv6-m\libc.a(ctype_aeabi.o)
 .text.isblank  0x00000000       0x28 C:/Freescale/CW MCU v10.6/MCU/ARM_GCC_Support/ewl/lib/armv6-m\libc.a(ctype_aeabi.o)
 .text.tolower  0x00000000        0xe C:/Freescale/CW MCU v10.6/MCU/ARM_GCC_Support/ewl/lib/armv6-m\libc.a(ctype_aeabi.o)
 .text          0x00000000        0x0 C:/Freescale/CW MCU v10.6/MCU/ARM_GCC_Support/ewl/lib/armv6-m\libc.a(__strtoul.o)
 .data          0x00000000        0x0 C:/Freescale/CW MCU v10.6/MCU/ARM_GCC_Support/ewl/lib/armv6-m\libc.a(__strtoul.o)
 .bss           0x00000000        0x0 C:/Freescale/CW MCU v10.6/MCU/ARM_GCC_Support/ewl/lib/armv6-m\libc.a(__strtoul.o)
 .text          0x00000000        0x0 C:/Freescale/CW MCU v10.6/MCU/ARM_GCC_Support/ewl/lib/armv6-m\libc.a(__filll_mem.o)
 .data          0x00000000        0x0 C:/Freescale/CW MCU v10.6/MCU/ARM_GCC_Support/ewl/lib/armv6-m\libc.a(__filll_mem.o)
 .bss           0x00000000        0x0 C:/Freescale/CW MCU v10.6/MCU/ARM_GCC_Support/ewl/lib/armv6-m\libc.a(__filll_mem.o)
 .text          0x00000000        0x0 C:/Freescale/CW MCU v10.6/MCU/ARM_GCC_Support/ewl/lib/armv6-m\libc.a(memchr.o)
 .data          0x00000000        0x0 C:/Freescale/CW MCU v10.6/MCU/ARM_GCC_Support/ewl/lib/armv6-m\libc.a(memchr.o)
 .bss           0x00000000        0x0 C:/Freescale/CW MCU v10.6/MCU/ARM_GCC_Support/ewl/lib/armv6-m\libc.a(memchr.o)
 .text          0x00000000        0x0 C:/Freescale/CW MCU v10.6/MCU/ARM_GCC_Support/ewl/lib/armv6-m\libc.a(memcpy.o)
 .data          0x00000000        0x0 C:/Freescale/CW MCU v10.6/MCU/ARM_GCC_Support/ewl/lib/armv6-m\libc.a(memcpy.o)
 .bss           0x00000000        0x0 C:/Freescale/CW MCU v10.6/MCU/ARM_GCC_Support/ewl/lib/armv6-m\libc.a(memcpy.o)
 .text          0x00000000        0x0 C:/Freescale/CW MCU v10.6/MCU/ARM_GCC_Support/ewl/lib/armv6-m\libc.a(strchr.o)
 .data          0x00000000        0x0 C:/Freescale/CW MCU v10.6/MCU/ARM_GCC_Support/ewl/lib/armv6-m\libc.a(strchr.o)
 .bss           0x00000000        0x0 C:/Freescale/CW MCU v10.6/MCU/ARM_GCC_Support/ewl/lib/armv6-m\libc.a(strchr.o)
 .text          0x00000000        0x0 C:/Freescale/CW MCU v10.6/MCU/ARM_GCC_Support/ewl/lib/armv6-m\libc.a(strlen.o)
 .data          0x00000000        0x0 C:/Freescale/CW MCU v10.6/MCU/ARM_GCC_Support/ewl/lib/armv6-m\libc.a(strlen.o)
 .bss           0x00000000        0x0 C:/Freescale/CW MCU v10.6/MCU/ARM_GCC_Support/ewl/lib/armv6-m\libc.a(strlen.o)
 .data          0x00000000        0x0 c:/freescale/cw mcu v10.6/cross_tools/arm-none-eabi-gcc-4_7_3/bin/../lib/gcc/arm-none-eabi/4.7.3/armv6-m\libgcc.a(_thumb1_case_sqi.o)
 .bss           0x00000000        0x0 c:/freescale/cw mcu v10.6/cross_tools/arm-none-eabi-gcc-4_7_3/bin/../lib/gcc/arm-none-eabi/4.7.3/armv6-m\libgcc.a(_thumb1_case_sqi.o)
 .data          0x00000000        0x0 c:/freescale/cw mcu v10.6/cross_tools/arm-none-eabi-gcc-4_7_3/bin/../lib/gcc/arm-none-eabi/4.7.3/armv6-m\libgcc.a(_thumb1_case_uqi.o)
 .bss           0x00000000        0x0 c:/freescale/cw mcu v10.6/cross_tools/arm-none-eabi-gcc-4_7_3/bin/../lib/gcc/arm-none-eabi/4.7.3/armv6-m\libgcc.a(_thumb1_case_uqi.o)
 .data          0x00000000        0x0 c:/freescale/cw mcu v10.6/cross_tools/arm-none-eabi-gcc-4_7_3/bin/../lib/gcc/arm-none-eabi/4.7.3/armv6-m\libgcc.a(_udivsi3.o)
 .bss           0x00000000        0x0 c:/freescale/cw mcu v10.6/cross_tools/arm-none-eabi-gcc-4_7_3/bin/../lib/gcc/arm-none-eabi/4.7.3/armv6-m\libgcc.a(_udivsi3.o)
 .data          0x00000000        0x0 c:/freescale/cw mcu v10.6/cross_tools/arm-none-eabi-gcc-4_7_3/bin/../lib/gcc/arm-none-eabi/4.7.3/armv6-m\libgcc.a(_divsi3.o)
 .bss           0x00000000        0x0 c:/freescale/cw mcu v10.6/cross_tools/arm-none-eabi-gcc-4_7_3/bin/../lib/gcc/arm-none-eabi/4.7.3/armv6-m\libgcc.a(_divsi3.o)
 .data          0x00000000        0x0 c:/freescale/cw mcu v10.6/cross_tools/arm-none-eabi-gcc-4_7_3/bin/../lib/gcc/arm-none-eabi/4.7.3/armv6-m\libgcc.a(_dvmd_tls.o)
 .bss           0x00000000        0x0 c:/freescale/cw mcu v10.6/cross_tools/arm-none-eabi-gcc-4_7_3/bin/../lib/gcc/arm-none-eabi/4.7.3/armv6-m\libgcc.a(_dvmd_tls.o)
 .text          0x00000000        0x0 C:/Freescale/CW MCU v10.6/MCU/ARM_GCC_Support/ewl/lib/armv6-m\librt.a(gcc_ctor_dtor.o)
 .data          0x00000000        0x0 C:/Freescale/CW MCU v10.6/MCU/ARM_GCC_Support/ewl/lib/armv6-m\librt.a(gcc_ctor_dtor.o)
 .bss           0x00000000        0x0 C:/Freescale/CW MCU v10.6/MCU/ARM_GCC_Support/ewl/lib/armv6-m\librt.a(gcc_ctor_dtor.o)
 .bss.__dso_handle
                0x00000000        0x4 C:/Freescale/CW MCU v10.6/MCU/ARM_GCC_Support/ewl/lib/armv6-m\librt.a(gcc_ctor_dtor.o)
 .text          0x00000000        0x0 C:/Freescale/CW MCU v10.6/MCU/ARM_GCC_Support/ewl/lib/armv6-m\librt.a(ROMCopy.o)
 .data          0x00000000        0x0 C:/Freescale/CW MCU v10.6/MCU/ARM_GCC_Support/ewl/lib/armv6-m\librt.a(ROMCopy.o)
 .bss           0x00000000        0x0 C:/Freescale/CW MCU v10.6/MCU/ARM_GCC_Support/ewl/lib/armv6-m\librt.a(ROMCopy.o)
 .text.__flush_cache
                0x00000000        0x2 C:/Freescale/CW MCU v10.6/MCU/ARM_GCC_Support/ewl/lib/armv6-m\librt.a(ROMCopy.o)
 .text          0x00000000        0x0 C:/Freescale/CW MCU v10.6/MCU/ARM_GCC_Support/ewl/lib/armv6-m\librt.a(__arm_eabi_init.o)
 .data          0x00000000        0x0 C:/Freescale/CW MCU v10.6/MCU/ARM_GCC_Support/ewl/lib/armv6-m\librt.a(__arm_eabi_init.o)
 .bss           0x00000000        0x0 C:/Freescale/CW MCU v10.6/MCU/ARM_GCC_Support/ewl/lib/armv6-m\librt.a(__arm_eabi_init.o)
 .text.__register_global_object
                0x00000000       0x14 C:/Freescale/CW MCU v10.6/MCU/ARM_GCC_Support/ewl/lib/armv6-m\librt.a(__arm_eabi_init.o)
 .text.__cxa_atexit
                0x00000000       0x38 C:/Freescale/CW MCU v10.6/MCU/ARM_GCC_Support/ewl/lib/armv6-m\librt.a(__arm_eabi_init.o)
 .text.__aeabi_atexit
                0x00000000        0xe C:/Freescale/CW MCU v10.6/MCU/ARM_GCC_Support/ewl/lib/armv6-m\librt.a(__arm_eabi_init.o)
 .text.__register_atexit
                0x00000000        0xc C:/Freescale/CW MCU v10.6/MCU/ARM_GCC_Support/ewl/lib/armv6-m\librt.a(__arm_eabi_init.o)
 .text.__init_hardware
                0x00000000        0x4 C:/Freescale/CW MCU v10.6/MCU/ARM_GCC_Support/ewl/lib/armv6-m\librt.a(__arm_eabi_init.o)
 .bss.atexit_curr_func
                0x00000000        0x4 C:/Freescale/CW MCU v10.6/MCU/ARM_GCC_Support/ewl/lib/armv6-m\librt.a(__arm_eabi_init.o)
 .bss.atexit_funcs
                0x00000000      0x300 C:/Freescale/CW MCU v10.6/MCU/ARM_GCC_Support/ewl/lib/armv6-m\librt.a(__arm_eabi_init.o)

Memory Configuration

Name             Origin             Length             Attributes
m_interrupts     0x00000000         0x000000c0         xr
m_cfmprotrom     0x00000400         0x00000010         xr
m_text           0x00000800         0x0001f800         xr
m_data           0x1ffff000         0x00004000         xrw
*default*        0x00000000         0xffffffff

Linker script and memory map

LOAD ./Project_Settings/Startup_Code/kinetis_sysinit.o
LOAD ./Project_Settings/Startup_Code/__arm_start.o
LOAD ./Project_Settings/Startup_Code/__arm_end.o
LOAD ./Sources/app/app_GPIO.o
LOAD ./Sources/gsc_scheduler/gsc_sch_core/gsc_sch_core_tick_isr.o
LOAD ./Sources/gsc_scheduler/gsc_sch_core/gsc_sch_core_cfg.o
LOAD ./Sources/gsc_scheduler/gsc_sch_core/gsc_sch_core.o
LOAD ./Sources/gsc_scheduler/periodic_tasks/periodic_tasks_init.o
LOAD ./Sources/gsc_scheduler/periodic_tasks/periodic_tasks_exec.o
LOAD ./Sources/mcl/interrupts.o
LOAD ./Sources/mcl/CrystalClock.o
LOAD ./Sources/mcl/ARM_SysTick.o
LOAD ./Sources/sa_mtb.o
LOAD ./Sources/main.o
                0x000015e8                __pformatter = __pformatter_
                [0x00001a10]                __sformatter = __sformatter
START GROUP
LOAD C:/Freescale/CW MCU v10.6/MCU/ARM_GCC_Support/ewl/lib/armv6-m\libc.a
LOAD C:/Freescale/CW MCU v10.6/MCU/ARM_GCC_Support/ewl/lib/armv6-m\libm.a
LOAD c:/freescale/cw mcu v10.6/cross_tools/arm-none-eabi-gcc-4_7_3/bin/../lib/gcc/arm-none-eabi/4.7.3/armv6-m\libgcc.a
LOAD C:/Freescale/CW MCU v10.6/MCU/ARM_GCC_Support/ewl/lib/armv6-m\librt.a
LOAD C:/Freescale/CW MCU v10.6/MCU/ARM_GCC_Support/ewl/lib/armv6-m\libuart.a
END GROUP
                0x20003000                _estack = 0x20003000
                0x20003000                __SP_INIT = _estack
                0x00000400                __heap_size = 0x400
                0x00000400                __stack_size = 0x400

.interrupts     0x00000000       0xc0
                0x00000000                __vector_table = .
                0x00000000                . = ALIGN (0x4)
 *(.vectortable)
 .vectortable   0x00000000       0xc0 ./Project_Settings/Startup_Code/kinetis_sysinit.o
                0x00000000                InterruptVector
                0x000000c0                . = ALIGN (0x4)

.cfmprotect     0x00000400        0x0
                0x00000400                . = ALIGN (0x4)
 *(.cfmconfig)
                0x00000400                . = ALIGN (0x4)

.text           0x00000800     0x1e6c
                0x00000800                . = ALIGN (0x4)
 *(.text)
 .text          0x00000800       0x14 c:/freescale/cw mcu v10.6/cross_tools/arm-none-eabi-gcc-4_7_3/bin/../lib/gcc/arm-none-eabi/4.7.3/armv6-m\libgcc.a(_thumb1_case_sqi.o)
                0x00000800                __gnu_thumb1_case_sqi
 .text          0x00000814       0x14 c:/freescale/cw mcu v10.6/cross_tools/arm-none-eabi-gcc-4_7_3/bin/../lib/gcc/arm-none-eabi/4.7.3/armv6-m\libgcc.a(_thumb1_case_uqi.o)
                0x00000814                __gnu_thumb1_case_uqi
 .text          0x00000828       0x9c c:/freescale/cw mcu v10.6/cross_tools/arm-none-eabi-gcc-4_7_3/bin/../lib/gcc/arm-none-eabi/4.7.3/armv6-m\libgcc.a(_udivsi3.o)
                0x00000828                __aeabi_uidiv
                0x00000828                __udivsi3
                0x000008b0                __aeabi_uidivmod
 .text          0x000008c4       0xc0 c:/freescale/cw mcu v10.6/cross_tools/arm-none-eabi-gcc-4_7_3/bin/../lib/gcc/arm-none-eabi/4.7.3/armv6-m\libgcc.a(_divsi3.o)
                0x000008c4                __divsi3
                0x000008c4                __aeabi_idiv
                0x00000970                __aeabi_idivmod
 .text          0x00000984        0x4 c:/freescale/cw mcu v10.6/cross_tools/arm-none-eabi-gcc-4_7_3/bin/../lib/gcc/arm-none-eabi/4.7.3/armv6-m\libgcc.a(_dvmd_tls.o)
                0x00000984                __aeabi_idiv0
                0x00000984                __aeabi_ldiv0
 *(.text*)
 .text.Default_Handler
                0x00000988        0xc ./Project_Settings/Startup_Code/kinetis_sysinit.o
                0x00000988                RTC_Alarm_IRQHandler
                0x00000988                I2C0_IRQHandler
                0x00000988                HardFault_Handler
                0x00000988                PendSV_Handler
                0x00000988                NMI_Handler
                0x00000988                I2C1_IRQHandler
                0x00000988                UART1_IRQHandler
                0x00000988                DMA2_IRQHandler
                0x00000988                TSI0_IRQHandler
                0x00000988                UART0_IRQHandler
                0x00000988                ADC0_IRQHandler
                0x00000988                SPI1_IRQHandler
                0x00000988                PORTD_IRQHandler
                0x00000988                LPTimer_IRQHandler
                0x00000988                FTM1_IRQHandler
                0x00000988                RTC_Seconds_IRQHandler
                0x00000988                MCG_IRQHandler
                0x00000988                UART2_IRQHandler
                0x00000988                Default_Handler
                0x00000988                LLW_IRQHandler
                0x00000988                PIT_IRQHandler
                0x00000988                SVC_Handler
                0x00000988                USBOTG_IRQHandler
                0x00000988                DMA3_IRQHandler
                0x00000988                DMA0_IRQHandler
                0x00000988                DAC0_IRQHandler
                0x00000988                PMC_IRQHandler
                0x00000988                SPI0_IRQHandler
                0x00000988                FTM0_IRQHandler
                0x00000988                PORTA_IRQHandler
                0x00000988                MCM_IRQHandler
                0x00000988                FTFL_IRQHandler
                0x00000988                FTM2_IRQHandler
                0x00000988                CMP0_IRQHandler
                0x00000988                DMA1_IRQHandler
 .text.__init_hardware
                0x00000994       0x2c ./Project_Settings/Startup_Code/kinetis_sysinit.o
                0x00000994                __init_hardware
 .text.zero_fill_bss
                0x000009c0       0x24 ./Project_Settings/Startup_Code/__arm_start.o
 .text.__thumb_startup
                0x000009e4       0x30 ./Project_Settings/Startup_Code/__arm_start.o
                0x000009e4                __thumb_startup
 .text._ExitProcess
                0x00000a14        0xc ./Project_Settings/Startup_Code/__arm_end.o
                0x00000a14                _ExitProcess
 .text.app_InitGPIO
                0x00000a20      0x10c ./Sources/app/app_GPIO.o
                0x00000a20                app_InitGPIO
 .text.app_Check_GPIO
                0x00000b2c       0xe8 ./Sources/app/app_GPIO.o
                0x00000b2c                app_Check_GPIO
 .text.gsc_sch_core_tick_isr
                0x00000c14       0x14 ./Sources/gsc_scheduler/gsc_sch_core/gsc_sch_core_tick_isr.o
                0x00000c14                gsc_sch_core_tick_isr
 .text.gsc_sch_core_Init
                0x00000c28       0x60 ./Sources/gsc_scheduler/gsc_sch_core/gsc_sch_core.o
                0x00000c28                gsc_sch_core_Init
 .text.gsc_sch_core_exec
                0x00000c88      0x118 ./Sources/gsc_scheduler/gsc_sch_core/gsc_sch_core.o
                0x00000c88                gsc_sch_core_exec
 .text.periodic_tasks_init_MclDrvs
                0x00000da0        0x8 ./Sources/gsc_scheduler/periodic_tasks/periodic_tasks_init.o
                0x00000da0                periodic_tasks_init_MclDrvs
 .text.periodic_tasks_init_SysDrvs
                0x00000da8        0xc ./Sources/gsc_scheduler/periodic_tasks/periodic_tasks_init.o
                0x00000da8                periodic_tasks_init_SysDrvs
 .text.periodic_tasks_init_task_5tks
                0x00000db4        0x8 ./Sources/gsc_scheduler/periodic_tasks/periodic_tasks_init.o
                0x00000db4                periodic_tasks_init_task_5tks
 .text.periodic_tasks_init_task_10tks
                0x00000dbc        0x8 ./Sources/gsc_scheduler/periodic_tasks/periodic_tasks_init.o
                0x00000dbc                periodic_tasks_init_task_10tks
 .text.periodic_tasks_init_task_20tks
                0x00000dc4        0x8 ./Sources/gsc_scheduler/periodic_tasks/periodic_tasks_init.o
                0x00000dc4                periodic_tasks_init_task_20tks
 .text.periodic_tasks_init_task_50tks
                0x00000dcc        0x8 ./Sources/gsc_scheduler/periodic_tasks/periodic_tasks_init.o
                0x00000dcc                periodic_tasks_init_task_50tks
 .text.periodic_tasks_init_task_100tks
                0x00000dd4        0x8 ./Sources/gsc_scheduler/periodic_tasks/periodic_tasks_init.o
                0x00000dd4                periodic_tasks_init_task_100tks
 .text.periodic_tasks_init_task_500tks
                0x00000ddc        0x8 ./Sources/gsc_scheduler/periodic_tasks/periodic_tasks_init.o
                0x00000ddc                periodic_tasks_init_task_500tks
 .text.periodic_tasks_init_task_1Mtks
                0x00000de4        0x8 ./Sources/gsc_scheduler/periodic_tasks/periodic_tasks_init.o
                0x00000de4                periodic_tasks_init_task_1Mtks
 .text.periodic_tasks_exec_5tks
                0x00000dec        0x8 ./Sources/gsc_scheduler/periodic_tasks/periodic_tasks_exec.o
                0x00000dec                periodic_tasks_exec_5tks
 .text.periodic_tasks_exec_10tks
                0x00000df4        0x8 ./Sources/gsc_scheduler/periodic_tasks/periodic_tasks_exec.o
                0x00000df4                periodic_tasks_exec_10tks
 .text.periodic_tasks_exec_20tks
                0x00000dfc        0x8 ./Sources/gsc_scheduler/periodic_tasks/periodic_tasks_exec.o
                0x00000dfc                periodic_tasks_exec_20tks
 .text.periodic_tasks_exec_50tks
                0x00000e04        0x8 ./Sources/gsc_scheduler/periodic_tasks/periodic_tasks_exec.o
                0x00000e04                periodic_tasks_exec_50tks
 .text.periodic_tasks_exec_100tks
                0x00000e0c        0x8 ./Sources/gsc_scheduler/periodic_tasks/periodic_tasks_exec.o
                0x00000e0c                periodic_tasks_exec_100tks
 .text.periodic_tasks_exec_500tks
                0x00000e14        0xc ./Sources/gsc_scheduler/periodic_tasks/periodic_tasks_exec.o
                0x00000e14                periodic_tasks_exec_500tks
 .text.periodic_tasks_exec_1Mtks
                0x00000e20        0x8 ./Sources/gsc_scheduler/periodic_tasks/periodic_tasks_exec.o
                0x00000e20                periodic_tasks_exec_1Mtks
 .text.InitClock
                0x00000e28       0x24 ./Sources/mcl/CrystalClock.o
                0x00000e28                InitClock
 .text.pll_init
                0x00000e4c      0x548 ./Sources/mcl/CrystalClock.o
                0x00000e4c                pll_init
 .text.InitSysTick
                0x00001394       0x1c ./Sources/mcl/ARM_SysTick.o
                0x00001394                InitSysTick
 .text.main     0x000013b0       0x20 ./Sources/main.o
                0x000013b0                main
 .text.WatchDog_cfg
                0x000013d0       0x1c ./Sources/main.o
                0x000013d0                WatchDog_cfg
 .text.SysTick_Handler
                0x000013ec       0x1c ./Sources/main.o
                0x000013ec                SysTick_Handler
 .text.exit     0x00001408       0x38 C:/Freescale/CW MCU v10.6/MCU/ARM_GCC_Support/ewl/lib/armv6-m\libc.a(exit.o)
                0x00001408                exit
 .text.memset   0x00001440        0xc C:/Freescale/CW MCU v10.6/MCU/ARM_GCC_Support/ewl/lib/armv6-m\libc.a(memset.o)
                0x00001440                memset
 .text.long2str.isra.0
                0x0000144c      0x19c C:/Freescale/CW MCU v10.6/MCU/ARM_GCC_Support/ewl/lib/armv6-m\libc.a(printformat_.o)
 .text.__pformatter_
                0x000015e8      0x428 C:/Freescale/CW MCU v10.6/MCU/ARM_GCC_Support/ewl/lib/armv6-m\libc.a(printformat_.o)
                0x000015e8                __pformatter_
 .text.__sformatter
                0x00001a10      0x698 C:/Freescale/CW MCU v10.6/MCU/ARM_GCC_Support/ewl/lib/armv6-m\libc.a(scanformat_.o)
                0x00001a10                __sformatter
 .text.isalpha  0x000020a8       0x20 C:/Freescale/CW MCU v10.6/MCU/ARM_GCC_Support/ewl/lib/armv6-m\libc.a(ctype_aeabi.o)
                0x000020a8                isalpha
 .text.isspace  0x000020c8       0x20 C:/Freescale/CW MCU v10.6/MCU/ARM_GCC_Support/ewl/lib/armv6-m\libc.a(ctype_aeabi.o)
                0x000020c8                isspace
 .text.toupper  0x000020e8        0xe C:/Freescale/CW MCU v10.6/MCU/ARM_GCC_Support/ewl/lib/armv6-m\libc.a(ctype_aeabi.o)
                0x000020e8                toupper
 .text.__strtoul
                0x000020f6      0x1ce C:/Freescale/CW MCU v10.6/MCU/ARM_GCC_Support/ewl/lib/armv6-m\libc.a(__strtoul.o)
                0x000020f6                __strtoul
 .text.__fill_mem
                0x000022c4       0x7e C:/Freescale/CW MCU v10.6/MCU/ARM_GCC_Support/ewl/lib/armv6-m\libc.a(__filll_mem.o)
                0x000022c4                __fill_mem
 .text.memchr   0x00002342       0x1a C:/Freescale/CW MCU v10.6/MCU/ARM_GCC_Support/ewl/lib/armv6-m\libc.a(memchr.o)
                0x00002342                memchr
 .text.memcpy   0x0000235c       0x12 C:/Freescale/CW MCU v10.6/MCU/ARM_GCC_Support/ewl/lib/armv6-m\libc.a(memcpy.o)
                0x0000235c                memcpy
 .text.strchr   0x0000236e       0x1e C:/Freescale/CW MCU v10.6/MCU/ARM_GCC_Support/ewl/lib/armv6-m\libc.a(strchr.o)
                0x0000236e                strchr
 .text.strlen   0x0000238c       0x10 C:/Freescale/CW MCU v10.6/MCU/ARM_GCC_Support/ewl/lib/armv6-m\libc.a(strlen.o)
                0x0000238c                strlen
 .text.__init_cpp
                0x0000239c       0x48 C:/Freescale/CW MCU v10.6/MCU/ARM_GCC_Support/ewl/lib/armv6-m\librt.a(gcc_ctor_dtor.o)
                0x0000239c                __init_cpp
 .text.__fini_cpp
                0x000023e4       0x34 C:/Freescale/CW MCU v10.6/MCU/ARM_GCC_Support/ewl/lib/armv6-m\librt.a(gcc_ctor_dtor.o)
                0x000023e4                __fini_cpp
 .text.__copy_rom_section
                0x00002418       0x48 C:/Freescale/CW MCU v10.6/MCU/ARM_GCC_Support/ewl/lib/armv6-m\librt.a(ROMCopy.o)
                0x00002418                __copy_rom_section
 .text.__copy_rom_sections_to_ram
                0x00002460       0x34 C:/Freescale/CW MCU v10.6/MCU/ARM_GCC_Support/ewl/lib/armv6-m\librt.a(ROMCopy.o)
                0x00002460                __copy_rom_sections_to_ram
 .text.__destroy_global_chain
                0x00002494       0x1c C:/Freescale/CW MCU v10.6/MCU/ARM_GCC_Support/ewl/lib/armv6-m\librt.a(__arm_eabi_init.o)
                0x00002494                __destroy_global_chain
 .text.__init_registers
                0x000024b0       0x1c C:/Freescale/CW MCU v10.6/MCU/ARM_GCC_Support/ewl/lib/armv6-m\librt.a(__arm_eabi_init.o)
                0x000024b0                __init_registers
 .text.__init_user
                0x000024cc        0x4 C:/Freescale/CW MCU v10.6/MCU/ARM_GCC_Support/ewl/lib/armv6-m\librt.a(__arm_eabi_init.o)
                0x000024cc                __init_user
 *(.rodata)
 *(.rodata*)
 .rodata.cps_mngTaskList
                0x000024d0       0x90 ./Sources/gsc_scheduler/gsc_sch_core/gsc_sch_core_cfg.o
                0x000024d0                cps_mngTaskList
 .rodata.str1.1
                0x00002560        0x1 C:/Freescale/CW MCU v10.6/MCU/ARM_GCC_Support/ewl/lib/armv6-m\libc.a(printformat_.o)
 .rodata.CSWTCH.20
                0x00002561        0x5 C:/Freescale/CW MCU v10.6/MCU/ARM_GCC_Support/ewl/lib/armv6-m\libc.a(printformat_.o)
 .rodata.CSWTCH.21
                0x00002566        0x5 C:/Freescale/CW MCU v10.6/MCU/ARM_GCC_Support/ewl/lib/armv6-m\libc.a(printformat_.o)
 .rodata.__aeabi_ctype_table_C
                0x0000256b      0x101 C:/Freescale/CW MCU v10.6/MCU/ARM_GCC_Support/ewl/lib/armv6-m\libc.a(ctype_aeabi.o)
                0x0000256b                __aeabi_ctype_table_C
 *(.glue_7)
 .glue_7        0x00000000        0x0 linker stubs
 *(.glue_7t)
 .glue_7t       0x00000000        0x0 linker stubs
 *(.eh_frame)
 *(.init)
 *(.fini)
                0x0000266c                . = ALIGN (0x4)
                0x0000266c                _etext = .

.vfp11_veneer   0x0000266c        0x0
 .vfp11_veneer  0x00000000        0x0 linker stubs

.v4_bx          0x0000266c        0x0
 .v4_bx         0x00000000        0x0 linker stubs

.iplt           0x0000266c        0x0
 .iplt          0x00000000        0x0 ./Project_Settings/Startup_Code/kinetis_sysinit.o

.rel.dyn        0x0000266c        0x0
 .rel.iplt      0x00000000        0x0 ./Project_Settings/Startup_Code/kinetis_sysinit.o

.ARM.extab
 *(.ARM.extab* .gnu.linkonce.armextab.*)

.ARM            0x0000266c        0x0
                0x0000266c                __exidx_start = .
 *(.ARM.exidx*)
                0x0000266c                __exidx_end = .

.ctors          0x0000266c        0x0
                0x0000266c                __CTOR_LIST__ = .
 *crtbegin.o(.ctors)
 *(EXCLUDE_FILE(*crtend.o) .ctors)
 *(SORT(.ctors.*))
 *(.ctors)
                0x0000266c                __CTOR_END__ = .

.dtors          0x0000266c        0x0
                0x0000266c                __DTOR_LIST__ = .
 *crtbegin.o(.dtors)
 *(EXCLUDE_FILE(*crtend.o) .dtors)
 *(SORT(.dtors.*))
 *(.dtors)
                0x0000266c                __DTOR_END__ = .

.preinit_array  0x0000266c        0x0
                0x0000266c                PROVIDE (__preinit_array_start, .)
 *(.preinit_array*)
                0x0000266c                PROVIDE (__preinit_array_end, .)

.init_array     0x0000266c        0x0
                0x0000266c                PROVIDE (__init_array_start, .)
 *(SORT(.init_array.*))
 *(.init_array*)
                0x0000266c                PROVIDE (__init_array_end, .)

.fini_array     0x0000266c        0x0
                0x0000266c                PROVIDE (__fini_array_start, .)
 *(SORT(.fini_array.*))
 *(.fini_array*)
                0x0000266c                PROVIDE (__fini_array_end, .)
                0x0000266c                ___ROM_AT = .

.mtb            0x1ffff000        0x0
                0x1ffff000                . = ALIGN (0x8)
                0x1ffff000                _mtb_start = .
 *(.mtb_buf)
                0x1ffff000                . = ALIGN (0x8)
                0x1ffff000                _mtb_end = .

.data           0x1ffff000        0x0 load address 0x0000266c
                0x1ffff000                . = ALIGN (0x4)
                0x1ffff000                _sdata = .
 *(.data)
 *(.data*)
                0x1ffff000                . = ALIGN (0x4)
                0x1ffff000                _edata = .
                0x00000000                ___data_size = (_edata - _sdata)

.igot.plt       0x1ffff000        0x0
 .igot.plt      0x00000000        0x0 ./Project_Settings/Startup_Code/kinetis_sysinit.o
                0x1ffff000                . = ALIGN (0x4)

.bss            0x1ffff000       0x28
                0x1ffff000                __START_BSS = .
                0x1ffff000                PROVIDE (__bss_start__, __START_BSS)
 *(.bss)
 *(.bss*)
 .bss.argv      0x1ffff000        0x4 ./Project_Settings/Startup_Code/__arm_start.o
 .bss.re_sch_mngExecflag
                0x1ffff004        0x1 ./Sources/gsc_scheduler/gsc_sch_core/gsc_sch_core_tick_isr.o
                0x1ffff004                re_sch_mngExecflag
 *fill*         0x1ffff005        0x3 00
 .bss.sys_tick_counter
                0x1ffff008        0x4 ./Sources/main.o
                0x1ffff008                sys_tick_counter
 .bss.__stdio_exit
                0x1ffff00c        0x4 C:/Freescale/CW MCU v10.6/MCU/ARM_GCC_Support/ewl/lib/armv6-m\libc.a(exit.o)
                0x1ffff00c                __stdio_exit
 .bss.__console_exit
                0x1ffff010        0x4 C:/Freescale/CW MCU v10.6/MCU/ARM_GCC_Support/ewl/lib/armv6-m\libc.a(exit.o)
                0x1ffff010                __console_exit
 .bss.__S_romp  0x1ffff014        0xc C:/Freescale/CW MCU v10.6/MCU/ARM_GCC_Support/ewl/lib/armv6-m\librt.a(ROMCopy.o)
 .bss.__global_destructor_chain
                0x1ffff020        0x4 C:/Freescale/CW MCU v10.6/MCU/ARM_GCC_Support/ewl/lib/armv6-m\librt.a(__arm_eabi_init.o)
                0x1ffff020                __global_destructor_chain
 *(COMMON)
 COMMON         0x1ffff024        0x2 ./Sources/gsc_scheduler/gsc_sch_core/gsc_sch_core.o
                0x1ffff024                rt_curOpMode
                0x1ffff028                . = ALIGN (0x4)
 *fill*         0x1ffff026        0x2 00
                0x1ffff028                __END_BSS = .
                0x1ffff028                PROVIDE (__bss_end__, __END_BSS)
                0x0000266c                _romp_at = (___ROM_AT + SIZEOF (.data))

.romp           0x1ffff028       0x18 load address 0x0000266c
                0x0000266c                __S_romp = _romp_at
                0x1ffff028        0x4 LONG 0x266c ___ROM_AT
                0x1ffff02c        0x4 LONG 0x1ffff000 _sdata
                0x1ffff030        0x4 LONG 0x0 ___data_size
                0x1ffff034        0x4 LONG 0x0
                0x1ffff038        0x4 LONG 0x0
                0x1ffff03c        0x4 LONG 0x0

._user_heap_stack
                0x1ffff040      0x800 load address 0x00002684
                0x1ffff040                . = ALIGN (0x4)
                0x1ffff040                PROVIDE (end, .)
                0x1ffff040                PROVIDE (_end, .)
                0x1ffff040                __heap_addr = .
                0x1ffff440                . = (. + __heap_size)
 *fill*         0x1ffff040      0x400 00
                0x1ffff840                . = (. + __stack_size)
 *fill*         0x1ffff440      0x400 00
                0x1ffff840                . = ALIGN (0x4)

.ARM.attributes
                0x00000000       0x31
 *(.ARM.attributes)
 .ARM.attributes
                0x00000000       0x31 ./Project_Settings/Startup_Code/kinetis_sysinit.o
 .ARM.attributes
                0x00000031       0x31 ./Project_Settings/Startup_Code/__arm_start.o
 .ARM.attributes
                0x00000062       0x31 ./Project_Settings/Startup_Code/__arm_end.o
 .ARM.attributes
                0x00000093       0x31 ./Sources/app/app_GPIO.o
 .ARM.attributes
                0x000000c4       0x31 ./Sources/gsc_scheduler/gsc_sch_core/gsc_sch_core_tick_isr.o
 .ARM.attributes
                0x000000f5       0x31 ./Sources/gsc_scheduler/gsc_sch_core/gsc_sch_core_cfg.o
 .ARM.attributes
                0x00000126       0x31 ./Sources/gsc_scheduler/gsc_sch_core/gsc_sch_core.o
 .ARM.attributes
                0x00000157       0x31 ./Sources/gsc_scheduler/periodic_tasks/periodic_tasks_init.o
 .ARM.attributes
                0x00000188       0x31 ./Sources/gsc_scheduler/periodic_tasks/periodic_tasks_exec.o
 .ARM.attributes
                0x000001b9       0x31 ./Sources/mcl/CrystalClock.o
 .ARM.attributes
                0x000001ea       0x31 ./Sources/mcl/ARM_SysTick.o
 .ARM.attributes
                0x0000021b       0x31 ./Sources/main.o
 .ARM.attributes
                0x0000024c       0x31 C:/Freescale/CW MCU v10.6/MCU/ARM_GCC_Support/ewl/lib/armv6-m\libc.a(exit.o)
 .ARM.attributes
                0x0000027d       0x31 C:/Freescale/CW MCU v10.6/MCU/ARM_GCC_Support/ewl/lib/armv6-m\libc.a(memset.o)
 .ARM.attributes
                0x000002ae       0x31 C:/Freescale/CW MCU v10.6/MCU/ARM_GCC_Support/ewl/lib/armv6-m\libc.a(printformat_.o)
 .ARM.attributes
                0x000002df       0x31 C:/Freescale/CW MCU v10.6/MCU/ARM_GCC_Support/ewl/lib/armv6-m\libc.a(scanformat_.o)
 .ARM.attributes
                0x00000310       0x31 C:/Freescale/CW MCU v10.6/MCU/ARM_GCC_Support/ewl/lib/armv6-m\libc.a(ctype_aeabi.o)
 .ARM.attributes
                0x00000341       0x31 C:/Freescale/CW MCU v10.6/MCU/ARM_GCC_Support/ewl/lib/armv6-m\libc.a(__strtoul.o)
 .ARM.attributes
                0x00000372       0x31 C:/Freescale/CW MCU v10.6/MCU/ARM_GCC_Support/ewl/lib/armv6-m\libc.a(__filll_mem.o)
 .ARM.attributes
                0x000003a3       0x31 C:/Freescale/CW MCU v10.6/MCU/ARM_GCC_Support/ewl/lib/armv6-m\libc.a(memchr.o)
 .ARM.attributes
                0x000003d4       0x31 C:/Freescale/CW MCU v10.6/MCU/ARM_GCC_Support/ewl/lib/armv6-m\libc.a(memcpy.o)
 .ARM.attributes
                0x00000405       0x31 C:/Freescale/CW MCU v10.6/MCU/ARM_GCC_Support/ewl/lib/armv6-m\libc.a(strchr.o)
 .ARM.attributes
                0x00000436       0x31 C:/Freescale/CW MCU v10.6/MCU/ARM_GCC_Support/ewl/lib/armv6-m\libc.a(strlen.o)
 .ARM.attributes
                0x00000467       0x1e c:/freescale/cw mcu v10.6/cross_tools/arm-none-eabi-gcc-4_7_3/bin/../lib/gcc/arm-none-eabi/4.7.3/armv6-m\libgcc.a(_thumb1_case_sqi.o)
 .ARM.attributes
                0x00000485       0x1e c:/freescale/cw mcu v10.6/cross_tools/arm-none-eabi-gcc-4_7_3/bin/../lib/gcc/arm-none-eabi/4.7.3/armv6-m\libgcc.a(_thumb1_case_uqi.o)
 .ARM.attributes
                0x000004a3       0x1e c:/freescale/cw mcu v10.6/cross_tools/arm-none-eabi-gcc-4_7_3/bin/../lib/gcc/arm-none-eabi/4.7.3/armv6-m\libgcc.a(_udivsi3.o)
 .ARM.attributes
                0x000004c1       0x1e c:/freescale/cw mcu v10.6/cross_tools/arm-none-eabi-gcc-4_7_3/bin/../lib/gcc/arm-none-eabi/4.7.3/armv6-m\libgcc.a(_divsi3.o)
 .ARM.attributes
                0x000004df       0x1e c:/freescale/cw mcu v10.6/cross_tools/arm-none-eabi-gcc-4_7_3/bin/../lib/gcc/arm-none-eabi/4.7.3/armv6-m\libgcc.a(_dvmd_tls.o)
 .ARM.attributes
                0x000004fd       0x31 C:/Freescale/CW MCU v10.6/MCU/ARM_GCC_Support/ewl/lib/armv6-m\librt.a(gcc_ctor_dtor.o)
 .ARM.attributes
                0x0000052e       0x31 C:/Freescale/CW MCU v10.6/MCU/ARM_GCC_Support/ewl/lib/armv6-m\librt.a(ROMCopy.o)
 .ARM.attributes
                0x0000055f       0x31 C:/Freescale/CW MCU v10.6/MCU/ARM_GCC_Support/ewl/lib/armv6-m\librt.a(__arm_eabi_init.o)
OUTPUT(gsc_sch_MKL25Z128.elf elf32-littlearm)

.debug_info     0x00000000     0x32ef
 .debug_info    0x00000000      0x447 ./Project_Settings/Startup_Code/kinetis_sysinit.o
 .debug_info    0x00000447      0x12a ./Project_Settings/Startup_Code/__arm_start.o
 .debug_info    0x00000571       0x54 ./Project_Settings/Startup_Code/__arm_end.o
 .debug_info    0x000005c5      0x42f ./Sources/app/app_GPIO.o
 .debug_info    0x000009f4       0xb6 ./Sources/gsc_scheduler/gsc_sch_core/gsc_sch_core_tick_isr.o
 .debug_info    0x00000aaa      0x16e ./Sources/gsc_scheduler/gsc_sch_core/gsc_sch_core_cfg.o
 .debug_info    0x00000c18      0x237 ./Sources/gsc_scheduler/gsc_sch_core/gsc_sch_core.o
 .debug_info    0x00000e4f      0x12c ./Sources/gsc_scheduler/periodic_tasks/periodic_tasks_init.o
 .debug_info    0x00000f7b      0x102 ./Sources/gsc_scheduler/periodic_tasks/periodic_tasks_exec.o
 .debug_info    0x0000107d      0x26f ./Sources/mcl/CrystalClock.o
 .debug_info    0x000012ec       0xe8 ./Sources/mcl/ARM_SysTick.o
 .debug_info    0x000013d4      0x303 ./Sources/main.o
 .debug_info    0x000016d7       0xe8 C:/Freescale/CW MCU v10.6/MCU/ARM_GCC_Support/ewl/lib/armv6-m\libc.a(exit.o)
 .debug_info    0x000017bf       0xec C:/Freescale/CW MCU v10.6/MCU/ARM_GCC_Support/ewl/lib/armv6-m\libc.a(memset.o)
 .debug_info    0x000018ab      0x50d C:/Freescale/CW MCU v10.6/MCU/ARM_GCC_Support/ewl/lib/armv6-m\libc.a(printformat_.o)
 .debug_info    0x00001db8      0x568 C:/Freescale/CW MCU v10.6/MCU/ARM_GCC_Support/ewl/lib/armv6-m\libc.a(scanformat_.o)
 .debug_info    0x00002320      0x313 C:/Freescale/CW MCU v10.6/MCU/ARM_GCC_Support/ewl/lib/armv6-m\libc.a(ctype_aeabi.o)
 .debug_info    0x00002633      0x1d6 C:/Freescale/CW MCU v10.6/MCU/ARM_GCC_Support/ewl/lib/armv6-m\libc.a(__strtoul.o)
 .debug_info    0x00002809      0x137 C:/Freescale/CW MCU v10.6/MCU/ARM_GCC_Support/ewl/lib/armv6-m\libc.a(__filll_mem.o)
 .debug_info    0x00002940      0x121 C:/Freescale/CW MCU v10.6/MCU/ARM_GCC_Support/ewl/lib/armv6-m\libc.a(memchr.o)
 .debug_info    0x00002a61      0x10f C:/Freescale/CW MCU v10.6/MCU/ARM_GCC_Support/ewl/lib/armv6-m\libc.a(memcpy.o)
 .debug_info    0x00002b70      0x10b C:/Freescale/CW MCU v10.6/MCU/ARM_GCC_Support/ewl/lib/armv6-m\libc.a(strchr.o)
 .debug_info    0x00002c7b       0xea C:/Freescale/CW MCU v10.6/MCU/ARM_GCC_Support/ewl/lib/armv6-m\libc.a(strlen.o)
 .debug_info    0x00002d65      0x136 C:/Freescale/CW MCU v10.6/MCU/ARM_GCC_Support/ewl/lib/armv6-m\librt.a(gcc_ctor_dtor.o)
 .debug_info    0x00002e9b      0x19b C:/Freescale/CW MCU v10.6/MCU/ARM_GCC_Support/ewl/lib/armv6-m\librt.a(ROMCopy.o)
 .debug_info    0x00003036      0x2b9 C:/Freescale/CW MCU v10.6/MCU/ARM_GCC_Support/ewl/lib/armv6-m\librt.a(__arm_eabi_init.o)

.debug_abbrev   0x00000000     0x13a5
 .debug_abbrev  0x00000000       0xe7 ./Project_Settings/Startup_Code/kinetis_sysinit.o
 .debug_abbrev  0x000000e7       0x92 ./Project_Settings/Startup_Code/__arm_start.o
 .debug_abbrev  0x00000179       0x4c ./Project_Settings/Startup_Code/__arm_end.o
 .debug_abbrev  0x000001c5      0x10a ./Sources/app/app_GPIO.o
 .debug_abbrev  0x000002cf       0x71 ./Sources/gsc_scheduler/gsc_sch_core/gsc_sch_core_tick_isr.o
 .debug_abbrev  0x00000340       0xa1 ./Sources/gsc_scheduler/gsc_sch_core/gsc_sch_core_cfg.o
 .debug_abbrev  0x000003e1       0xd8 ./Sources/gsc_scheduler/gsc_sch_core/gsc_sch_core.o
 .debug_abbrev  0x000004b9       0x3d ./Sources/gsc_scheduler/periodic_tasks/periodic_tasks_init.o
 .debug_abbrev  0x000004f6       0x3d ./Sources/gsc_scheduler/periodic_tasks/periodic_tasks_exec.o
 .debug_abbrev  0x00000533       0xea ./Sources/mcl/CrystalClock.o
 .debug_abbrev  0x0000061d       0x92 ./Sources/mcl/ARM_SysTick.o
 .debug_abbrev  0x000006af       0xc8 ./Sources/main.o
 .debug_abbrev  0x00000777       0x7a C:/Freescale/CW MCU v10.6/MCU/ARM_GCC_Support/ewl/lib/armv6-m\libc.a(exit.o)
 .debug_abbrev  0x000007f1       0x62 C:/Freescale/CW MCU v10.6/MCU/ARM_GCC_Support/ewl/lib/armv6-m\libc.a(memset.o)
 .debug_abbrev  0x00000853      0x200 C:/Freescale/CW MCU v10.6/MCU/ARM_GCC_Support/ewl/lib/armv6-m\libc.a(printformat_.o)
 .debug_abbrev  0x00000a53      0x1f0 C:/Freescale/CW MCU v10.6/MCU/ARM_GCC_Support/ewl/lib/armv6-m\libc.a(scanformat_.o)
 .debug_abbrev  0x00000c43       0x9e C:/Freescale/CW MCU v10.6/MCU/ARM_GCC_Support/ewl/lib/armv6-m\libc.a(ctype_aeabi.o)
 .debug_abbrev  0x00000ce1       0xc2 C:/Freescale/CW MCU v10.6/MCU/ARM_GCC_Support/ewl/lib/armv6-m\libc.a(__strtoul.o)
 .debug_abbrev  0x00000da3       0x78 C:/Freescale/CW MCU v10.6/MCU/ARM_GCC_Support/ewl/lib/armv6-m\libc.a(__filll_mem.o)
 .debug_abbrev  0x00000e1b       0x95 C:/Freescale/CW MCU v10.6/MCU/ARM_GCC_Support/ewl/lib/armv6-m\libc.a(memchr.o)
 .debug_abbrev  0x00000eb0       0x95 C:/Freescale/CW MCU v10.6/MCU/ARM_GCC_Support/ewl/lib/armv6-m\libc.a(memcpy.o)
 .debug_abbrev  0x00000f45       0x7a C:/Freescale/CW MCU v10.6/MCU/ARM_GCC_Support/ewl/lib/armv6-m\libc.a(strchr.o)
 .debug_abbrev  0x00000fbf       0x7a C:/Freescale/CW MCU v10.6/MCU/ARM_GCC_Support/ewl/lib/armv6-m\libc.a(strlen.o)
 .debug_abbrev  0x00001039       0x99 C:/Freescale/CW MCU v10.6/MCU/ARM_GCC_Support/ewl/lib/armv6-m\librt.a(gcc_ctor_dtor.o)
 .debug_abbrev  0x000010d2      0x120 C:/Freescale/CW MCU v10.6/MCU/ARM_GCC_Support/ewl/lib/armv6-m\librt.a(ROMCopy.o)
 .debug_abbrev  0x000011f2      0x1b3 C:/Freescale/CW MCU v10.6/MCU/ARM_GCC_Support/ewl/lib/armv6-m\librt.a(__arm_eabi_init.o)

.debug_loc      0x00000000     0x2ceb
 .debug_loc     0x00000000       0x58 ./Project_Settings/Startup_Code/kinetis_sysinit.o
 .debug_loc     0x00000058       0x2c ./Project_Settings/Startup_Code/__arm_start.o
 .debug_loc     0x00000084       0x38 ./Project_Settings/Startup_Code/__arm_end.o
 .debug_loc     0x000000bc       0xc8 ./Sources/app/app_GPIO.o
 .debug_loc     0x00000184       0x2c ./Sources/gsc_scheduler/gsc_sch_core/gsc_sch_core_tick_isr.o
 .debug_loc     0x000001b0       0x70 ./Sources/gsc_scheduler/gsc_sch_core/gsc_sch_core.o
 .debug_loc     0x00000220      0x18c ./Sources/gsc_scheduler/periodic_tasks/periodic_tasks_init.o
 .debug_loc     0x000003ac      0x134 ./Sources/gsc_scheduler/periodic_tasks/periodic_tasks_exec.o
 .debug_loc     0x000004e0       0x70 ./Sources/mcl/CrystalClock.o
 .debug_loc     0x00000550       0x2c ./Sources/mcl/ARM_SysTick.o
 .debug_loc     0x0000057c       0x84 ./Sources/main.o
 .debug_loc     0x00000600       0x3e C:/Freescale/CW MCU v10.6/MCU/ARM_GCC_Support/ewl/lib/armv6-m\libc.a(exit.o)
 .debug_loc     0x0000063e       0x6f C:/Freescale/CW MCU v10.6/MCU/ARM_GCC_Support/ewl/lib/armv6-m\libc.a(memset.o)
 .debug_loc     0x000006ad     0x104b C:/Freescale/CW MCU v10.6/MCU/ARM_GCC_Support/ewl/lib/armv6-m\libc.a(printformat_.o)
 .debug_loc     0x000016f8      0x9d8 C:/Freescale/CW MCU v10.6/MCU/ARM_GCC_Support/ewl/lib/armv6-m\libc.a(scanformat_.o)
 .debug_loc     0x000020d0      0x30d C:/Freescale/CW MCU v10.6/MCU/ARM_GCC_Support/ewl/lib/armv6-m\libc.a(ctype_aeabi.o)
 .debug_loc     0x000023dd      0x305 C:/Freescale/CW MCU v10.6/MCU/ARM_GCC_Support/ewl/lib/armv6-m\libc.a(__strtoul.o)
 .debug_loc     0x000026e2      0x14a C:/Freescale/CW MCU v10.6/MCU/ARM_GCC_Support/ewl/lib/armv6-m\libc.a(__filll_mem.o)
 .debug_loc     0x0000282c       0x77 C:/Freescale/CW MCU v10.6/MCU/ARM_GCC_Support/ewl/lib/armv6-m\libc.a(memchr.o)
 .debug_loc     0x000028a3       0x59 C:/Freescale/CW MCU v10.6/MCU/ARM_GCC_Support/ewl/lib/armv6-m\libc.a(memcpy.o)
 .debug_loc     0x000028fc       0xaf C:/Freescale/CW MCU v10.6/MCU/ARM_GCC_Support/ewl/lib/armv6-m\libc.a(strchr.o)
 .debug_loc     0x000029ab       0x33 C:/Freescale/CW MCU v10.6/MCU/ARM_GCC_Support/ewl/lib/armv6-m\libc.a(strlen.o)
 .debug_loc     0x000029de       0x9d C:/Freescale/CW MCU v10.6/MCU/ARM_GCC_Support/ewl/lib/armv6-m\librt.a(gcc_ctor_dtor.o)
 .debug_loc     0x00002a7b       0xd9 C:/Freescale/CW MCU v10.6/MCU/ARM_GCC_Support/ewl/lib/armv6-m\librt.a(ROMCopy.o)
 .debug_loc     0x00002b54      0x197 C:/Freescale/CW MCU v10.6/MCU/ARM_GCC_Support/ewl/lib/armv6-m\librt.a(__arm_eabi_init.o)

.debug_aranges  0x00000000      0x4b8
 .debug_aranges
                0x00000000       0x28 ./Project_Settings/Startup_Code/kinetis_sysinit.o
 .debug_aranges
                0x00000028       0x30 ./Project_Settings/Startup_Code/__arm_start.o
 .debug_aranges
                0x00000058       0x20 ./Project_Settings/Startup_Code/__arm_end.o
 .debug_aranges
                0x00000078       0x38 ./Sources/app/app_GPIO.o
 .debug_aranges
                0x000000b0       0x20 ./Sources/gsc_scheduler/gsc_sch_core/gsc_sch_core_tick_isr.o
 .debug_aranges
                0x000000d0       0x18 ./Sources/gsc_scheduler/gsc_sch_core/gsc_sch_core_cfg.o
 .debug_aranges
                0x000000e8       0x28 ./Sources/gsc_scheduler/gsc_sch_core/gsc_sch_core.o
 .debug_aranges
                0x00000110       0x60 ./Sources/gsc_scheduler/periodic_tasks/periodic_tasks_init.o
 .debug_aranges
                0x00000170       0x50 ./Sources/gsc_scheduler/periodic_tasks/periodic_tasks_exec.o
 .debug_aranges
                0x000001c0       0x28 ./Sources/mcl/CrystalClock.o
 .debug_aranges
                0x000001e8       0x20 ./Sources/mcl/ARM_SysTick.o
 .debug_aranges
                0x00000208       0x30 ./Sources/main.o
 .debug_aranges
                0x00000238       0x20 C:/Freescale/CW MCU v10.6/MCU/ARM_GCC_Support/ewl/lib/armv6-m\libc.a(exit.o)
 .debug_aranges
                0x00000258       0x20 C:/Freescale/CW MCU v10.6/MCU/ARM_GCC_Support/ewl/lib/armv6-m\libc.a(memset.o)
 .debug_aranges
                0x00000278       0x28 C:/Freescale/CW MCU v10.6/MCU/ARM_GCC_Support/ewl/lib/armv6-m\libc.a(printformat_.o)
 .debug_aranges
                0x000002a0       0x20 C:/Freescale/CW MCU v10.6/MCU/ARM_GCC_Support/ewl/lib/armv6-m\libc.a(scanformat_.o)
 .debug_aranges
                0x000002c0       0x88 C:/Freescale/CW MCU v10.6/MCU/ARM_GCC_Support/ewl/lib/armv6-m\libc.a(ctype_aeabi.o)
 .debug_aranges
                0x00000348       0x20 C:/Freescale/CW MCU v10.6/MCU/ARM_GCC_Support/ewl/lib/armv6-m\libc.a(__strtoul.o)
 .debug_aranges
                0x00000368       0x20 C:/Freescale/CW MCU v10.6/MCU/ARM_GCC_Support/ewl/lib/armv6-m\libc.a(__filll_mem.o)
 .debug_aranges
                0x00000388       0x20 C:/Freescale/CW MCU v10.6/MCU/ARM_GCC_Support/ewl/lib/armv6-m\libc.a(memchr.o)
 .debug_aranges
                0x000003a8       0x20 C:/Freescale/CW MCU v10.6/MCU/ARM_GCC_Support/ewl/lib/armv6-m\libc.a(memcpy.o)
 .debug_aranges
                0x000003c8       0x20 C:/Freescale/CW MCU v10.6/MCU/ARM_GCC_Support/ewl/lib/armv6-m\libc.a(strchr.o)
 .debug_aranges
                0x000003e8       0x20 C:/Freescale/CW MCU v10.6/MCU/ARM_GCC_Support/ewl/lib/armv6-m\libc.a(strlen.o)
 .debug_aranges
                0x00000408       0x28 C:/Freescale/CW MCU v10.6/MCU/ARM_GCC_Support/ewl/lib/armv6-m\librt.a(gcc_ctor_dtor.o)
 .debug_aranges
                0x00000430       0x30 C:/Freescale/CW MCU v10.6/MCU/ARM_GCC_Support/ewl/lib/armv6-m\librt.a(ROMCopy.o)
 .debug_aranges
                0x00000460       0x58 C:/Freescale/CW MCU v10.6/MCU/ARM_GCC_Support/ewl/lib/armv6-m\librt.a(__arm_eabi_init.o)

.debug_macinfo  0x00000000   0x1885d2
 .debug_macinfo
                0x00000000    0x264b5 ./Project_Settings/Startup_Code/kinetis_sysinit.o
 .debug_macinfo
                0x000264b5     0x3e6d ./Project_Settings/Startup_Code/__arm_start.o
 .debug_macinfo
                0x0002a322     0x3456 ./Project_Settings/Startup_Code/__arm_end.o
 .debug_macinfo
                0x0002d778    0x26d49 ./Sources/app/app_GPIO.o
 .debug_macinfo
                0x000544c1    0x265e6 ./Sources/gsc_scheduler/gsc_sch_core/gsc_sch_core_tick_isr.o
 .debug_macinfo
                0x0007aaa7    0x266c8 ./Sources/gsc_scheduler/gsc_sch_core/gsc_sch_core_cfg.o
 .debug_macinfo
                0x000a116f    0x266ad ./Sources/gsc_scheduler/gsc_sch_core/gsc_sch_core.o
 .debug_macinfo
                0x000c781c    0x26e77 ./Sources/gsc_scheduler/periodic_tasks/periodic_tasks_init.o
 .debug_macinfo
                0x000ee693    0x26e77 ./Sources/gsc_scheduler/periodic_tasks/periodic_tasks_exec.o
 .debug_macinfo
                0x0011550a    0x265be ./Sources/mcl/CrystalClock.o
 .debug_macinfo
                0x0013bac8    0x264ff ./Sources/mcl/ARM_SysTick.o
 .debug_macinfo
                0x00161fc7    0x2660b ./Sources/main.o

.debug_line     0x00000000     0x2d24
 .debug_line    0x00000000      0x21c ./Project_Settings/Startup_Code/kinetis_sysinit.o
 .debug_line    0x0000021c      0x29f ./Project_Settings/Startup_Code/__arm_start.o
 .debug_line    0x000004bb      0x266 ./Project_Settings/Startup_Code/__arm_end.o
 .debug_line    0x00000721      0x2a4 ./Sources/app/app_GPIO.o
 .debug_line    0x000009c5      0x23e ./Sources/gsc_scheduler/gsc_sch_core/gsc_sch_core_tick_isr.o
 .debug_line    0x00000c03      0x28c ./Sources/gsc_scheduler/gsc_sch_core/gsc_sch_core_cfg.o
 .debug_line    0x00000e8f      0x281 ./Sources/gsc_scheduler/gsc_sch_core/gsc_sch_core.o
 .debug_line    0x00001110      0x31d ./Sources/gsc_scheduler/periodic_tasks/periodic_tasks_init.o
 .debug_line    0x0000142d      0x2fb ./Sources/gsc_scheduler/periodic_tasks/periodic_tasks_exec.o
 .debug_line    0x00001728      0x2a2 ./Sources/mcl/CrystalClock.o
 .debug_line    0x000019ca      0x203 ./Sources/mcl/ARM_SysTick.o
 .debug_line    0x00001bcd      0x27b ./Sources/main.o
 .debug_line    0x00001e48       0x8d C:/Freescale/CW MCU v10.6/MCU/ARM_GCC_Support/ewl/lib/armv6-m\libc.a(exit.o)
 .debug_line    0x00001ed5       0x90 C:/Freescale/CW MCU v10.6/MCU/ARM_GCC_Support/ewl/lib/armv6-m\libc.a(memset.o)
 .debug_line    0x00001f65      0x2c3 C:/Freescale/CW MCU v10.6/MCU/ARM_GCC_Support/ewl/lib/armv6-m\libc.a(printformat_.o)
 .debug_line    0x00002228      0x2be C:/Freescale/CW MCU v10.6/MCU/ARM_GCC_Support/ewl/lib/armv6-m\libc.a(scanformat_.o)
 .debug_line    0x000024e6      0x1be C:/Freescale/CW MCU v10.6/MCU/ARM_GCC_Support/ewl/lib/armv6-m\libc.a(ctype_aeabi.o)
 .debug_line    0x000026a4      0x11e C:/Freescale/CW MCU v10.6/MCU/ARM_GCC_Support/ewl/lib/armv6-m\libc.a(__strtoul.o)
 .debug_line    0x000027c2       0xf6 C:/Freescale/CW MCU v10.6/MCU/ARM_GCC_Support/ewl/lib/armv6-m\libc.a(__filll_mem.o)
 .debug_line    0x000028b8       0x9f C:/Freescale/CW MCU v10.6/MCU/ARM_GCC_Support/ewl/lib/armv6-m\libc.a(memchr.o)
 .debug_line    0x00002957       0x8b C:/Freescale/CW MCU v10.6/MCU/ARM_GCC_Support/ewl/lib/armv6-m\libc.a(memcpy.o)
 .debug_line    0x000029e2       0x7d C:/Freescale/CW MCU v10.6/MCU/ARM_GCC_Support/ewl/lib/armv6-m\libc.a(strchr.o)
 .debug_line    0x00002a5f       0x85 C:/Freescale/CW MCU v10.6/MCU/ARM_GCC_Support/ewl/lib/armv6-m\libc.a(strlen.o)
 .debug_line    0x00002ae4       0x6c C:/Freescale/CW MCU v10.6/MCU/ARM_GCC_Support/ewl/lib/armv6-m\librt.a(gcc_ctor_dtor.o)
 .debug_line    0x00002b50       0xbd C:/Freescale/CW MCU v10.6/MCU/ARM_GCC_Support/ewl/lib/armv6-m\librt.a(ROMCopy.o)
 .debug_line    0x00002c0d      0x117 C:/Freescale/CW MCU v10.6/MCU/ARM_GCC_Support/ewl/lib/armv6-m\librt.a(__arm_eabi_init.o)

.debug_str      0x00000000     0x12f9
 .debug_str     0x00000000      0x29d ./Project_Settings/Startup_Code/kinetis_sysinit.o
                                0x2c4 (size before relaxing)
 .debug_str     0x0000029d       0x85 ./Project_Settings/Startup_Code/__arm_start.o
                                0x19e (size before relaxing)
 .debug_str     0x00000322       0x41 ./Project_Settings/Startup_Code/__arm_end.o
                                 0xd5 (size before relaxing)
 .debug_str     0x00000363       0xd7 ./Sources/app/app_GPIO.o
                                0x2d5 (size before relaxing)
 .debug_str     0x0000043a       0x86 ./Sources/gsc_scheduler/gsc_sch_core/gsc_sch_core_tick_isr.o
                                0x19a (size before relaxing)
 .debug_str     0x000004c0      0x157 ./Sources/gsc_scheduler/gsc_sch_core/gsc_sch_core_cfg.o
                                0x26b (size before relaxing)
 .debug_str     0x00000617       0xac ./Sources/gsc_scheduler/gsc_sch_core/gsc_sch_core.o
                                0x310 (size before relaxing)
 .debug_str     0x000006c3      0x150 ./Sources/gsc_scheduler/periodic_tasks/periodic_tasks_init.o
                                0x264 (size before relaxing)
 .debug_str     0x00000813       0xf5 ./Sources/gsc_scheduler/periodic_tasks/periodic_tasks_exec.o
                                0x209 (size before relaxing)
 .debug_str     0x00000908       0xc5 ./Sources/mcl/CrystalClock.o
                                0x1ea (size before relaxing)
 .debug_str     0x000009cd       0x50 ./Sources/mcl/ARM_SysTick.o
                                0x160 (size before relaxing)
 .debug_str     0x00000a1d       0x45 ./Sources/main.o
                                0x250 (size before relaxing)
 .debug_str     0x00000a62       0x5a C:/Freescale/CW MCU v10.6/MCU/ARM_GCC_Support/ewl/lib/armv6-m\libc.a(exit.o)
                                0x157 (size before relaxing)
 .debug_str     0x00000abc       0x23 C:/Freescale/CW MCU v10.6/MCU/ARM_GCC_Support/ewl/lib/armv6-m\libc.a(memset.o)
                                0x140 (size before relaxing)
 .debug_str     0x00000adf      0x244 C:/Freescale/CW MCU v10.6/MCU/ARM_GCC_Support/ewl/lib/armv6-m\libc.a(printformat_.o)
                                0x3b3 (size before relaxing)
 .debug_str     0x00000d23      0x184 C:/Freescale/CW MCU v10.6/MCU/ARM_GCC_Support/ewl/lib/armv6-m\libc.a(scanformat_.o)
                                0x3f9 (size before relaxing)
 .debug_str     0x00000ea7       0x9d C:/Freescale/CW MCU v10.6/MCU/ARM_GCC_Support/ewl/lib/armv6-m\libc.a(ctype_aeabi.o)
                                0x1bc (size before relaxing)
 .debug_str     0x00000f44       0x61 C:/Freescale/CW MCU v10.6/MCU/ARM_GCC_Support/ewl/lib/armv6-m\libc.a(__strtoul.o)
                                0x1fb (size before relaxing)
 .debug_str     0x00000fa5       0x25 C:/Freescale/CW MCU v10.6/MCU/ARM_GCC_Support/ewl/lib/armv6-m\libc.a(__filll_mem.o)
                                0x152 (size before relaxing)
 .debug_str     0x00000fca       0x1c C:/Freescale/CW MCU v10.6/MCU/ARM_GCC_Support/ewl/lib/armv6-m\libc.a(memchr.o)
                                0x148 (size before relaxing)
 .debug_str     0x00000fe6       0x1c C:/Freescale/CW MCU v10.6/MCU/ARM_GCC_Support/ewl/lib/armv6-m\libc.a(memcpy.o)
                                0x138 (size before relaxing)
 .debug_str     0x00001002       0x1c C:/Freescale/CW MCU v10.6/MCU/ARM_GCC_Support/ewl/lib/armv6-m\libc.a(strchr.o)
                                0x137 (size before relaxing)
 .debug_str     0x0000101e       0x1c C:/Freescale/CW MCU v10.6/MCU/ARM_GCC_Support/ewl/lib/armv6-m\libc.a(strlen.o)
                                0x140 (size before relaxing)
 .debug_str     0x0000103a      0x126 C:/Freescale/CW MCU v10.6/MCU/ARM_GCC_Support/ewl/lib/armv6-m\librt.a(gcc_ctor_dtor.o)
                                0x181 (size before relaxing)
 .debug_str     0x00001160       0xa1 C:/Freescale/CW MCU v10.6/MCU/ARM_GCC_Support/ewl/lib/armv6-m\librt.a(ROMCopy.o)
                                0x13c (size before relaxing)
 .debug_str     0x00001201       0xf8 C:/Freescale/CW MCU v10.6/MCU/ARM_GCC_Support/ewl/lib/armv6-m\librt.a(__arm_eabi_init.o)
                                0x1b5 (size before relaxing)

.comment        0x00000000       0x79
 .comment       0x00000000       0x79 ./Project_Settings/Startup_Code/kinetis_sysinit.o
                                 0x7a (size before relaxing)
 .comment       0x00000000       0x7a ./Project_Settings/Startup_Code/__arm_start.o
 .comment       0x00000000       0x7a ./Project_Settings/Startup_Code/__arm_end.o
 .comment       0x00000000       0x7a ./Sources/app/app_GPIO.o
 .comment       0x00000000       0x7a ./Sources/gsc_scheduler/gsc_sch_core/gsc_sch_core_tick_isr.o
 .comment       0x00000000       0x7a ./Sources/gsc_scheduler/gsc_sch_core/gsc_sch_core_cfg.o
 .comment       0x00000000       0x7a ./Sources/gsc_scheduler/gsc_sch_core/gsc_sch_core.o
 .comment       0x00000000       0x7a ./Sources/gsc_scheduler/periodic_tasks/periodic_tasks_init.o
 .comment       0x00000000       0x7a ./Sources/gsc_scheduler/periodic_tasks/periodic_tasks_exec.o
 .comment       0x00000000       0x7a ./Sources/mcl/CrystalClock.o
 .comment       0x00000000       0x7a ./Sources/mcl/ARM_SysTick.o
 .comment       0x00000000       0x7a ./Sources/main.o
 .comment       0x00000000       0x7a C:/Freescale/CW MCU v10.6/MCU/ARM_GCC_Support/ewl/lib/armv6-m\libc.a(exit.o)
 .comment       0x00000000       0x7a C:/Freescale/CW MCU v10.6/MCU/ARM_GCC_Support/ewl/lib/armv6-m\libc.a(memset.o)
 .comment       0x00000000       0x7a C:/Freescale/CW MCU v10.6/MCU/ARM_GCC_Support/ewl/lib/armv6-m\libc.a(printformat_.o)
 .comment       0x00000000       0x7a C:/Freescale/CW MCU v10.6/MCU/ARM_GCC_Support/ewl/lib/armv6-m\libc.a(scanformat_.o)
 .comment       0x00000000       0x7a C:/Freescale/CW MCU v10.6/MCU/ARM_GCC_Support/ewl/lib/armv6-m\libc.a(ctype_aeabi.o)
 .comment       0x00000000       0x7a C:/Freescale/CW MCU v10.6/MCU/ARM_GCC_Support/ewl/lib/armv6-m\libc.a(__strtoul.o)
 .comment       0x00000000       0x7a C:/Freescale/CW MCU v10.6/MCU/ARM_GCC_Support/ewl/lib/armv6-m\libc.a(__filll_mem.o)
 .comment       0x00000000       0x7a C:/Freescale/CW MCU v10.6/MCU/ARM_GCC_Support/ewl/lib/armv6-m\libc.a(memchr.o)
 .comment       0x00000000       0x7a C:/Freescale/CW MCU v10.6/MCU/ARM_GCC_Support/ewl/lib/armv6-m\libc.a(memcpy.o)
 .comment       0x00000000       0x7a C:/Freescale/CW MCU v10.6/MCU/ARM_GCC_Support/ewl/lib/armv6-m\libc.a(strchr.o)
 .comment       0x00000000       0x7a C:/Freescale/CW MCU v10.6/MCU/ARM_GCC_Support/ewl/lib/armv6-m\libc.a(strlen.o)
 .comment       0x00000000       0x7a C:/Freescale/CW MCU v10.6/MCU/ARM_GCC_Support/ewl/lib/armv6-m\librt.a(gcc_ctor_dtor.o)
 .comment       0x00000000       0x7a C:/Freescale/CW MCU v10.6/MCU/ARM_GCC_Support/ewl/lib/armv6-m\librt.a(ROMCopy.o)
 .comment       0x00000000       0x7a C:/Freescale/CW MCU v10.6/MCU/ARM_GCC_Support/ewl/lib/armv6-m\librt.a(__arm_eabi_init.o)

.debug_frame    0x00000000      0x948
 .debug_frame   0x00000000       0x48 ./Project_Settings/Startup_Code/kinetis_sysinit.o
 .debug_frame   0x00000048       0x4c ./Project_Settings/Startup_Code/__arm_start.o
 .debug_frame   0x00000094       0x30 ./Project_Settings/Startup_Code/__arm_end.o
 .debug_frame   0x000000c4       0x88 ./Sources/app/app_GPIO.o
 .debug_frame   0x0000014c       0x2c ./Sources/gsc_scheduler/gsc_sch_core/gsc_sch_core_tick_isr.o
 .debug_frame   0x00000178       0x50 ./Sources/gsc_scheduler/gsc_sch_core/gsc_sch_core.o
 .debug_frame   0x000001c8      0x10c ./Sources/gsc_scheduler/periodic_tasks/periodic_tasks_init.o
 .debug_frame   0x000002d4       0xd4 ./Sources/gsc_scheduler/periodic_tasks/periodic_tasks_exec.o
 .debug_frame   0x000003a8       0x50 ./Sources/mcl/CrystalClock.o
 .debug_frame   0x000003f8       0x2c ./Sources/mcl/ARM_SysTick.o
 .debug_frame   0x00000424       0x64 ./Sources/main.o
 .debug_frame   0x00000488       0x2c C:/Freescale/CW MCU v10.6/MCU/ARM_GCC_Support/ewl/lib/armv6-m\libc.a(exit.o)
 .debug_frame   0x000004b4       0x28 C:/Freescale/CW MCU v10.6/MCU/ARM_GCC_Support/ewl/lib/armv6-m\libc.a(memset.o)
 .debug_frame   0x000004dc       0x54 C:/Freescale/CW MCU v10.6/MCU/ARM_GCC_Support/ewl/lib/armv6-m\libc.a(printformat_.o)
 .debug_frame   0x00000530       0x34 C:/Freescale/CW MCU v10.6/MCU/ARM_GCC_Support/ewl/lib/armv6-m\libc.a(scanformat_.o)
 .debug_frame   0x00000564      0x158 C:/Freescale/CW MCU v10.6/MCU/ARM_GCC_Support/ewl/lib/armv6-m\libc.a(ctype_aeabi.o)
 .debug_frame   0x000006bc       0x30 C:/Freescale/CW MCU v10.6/MCU/ARM_GCC_Support/ewl/lib/armv6-m\libc.a(__strtoul.o)
 .debug_frame   0x000006ec       0x2c C:/Freescale/CW MCU v10.6/MCU/ARM_GCC_Support/ewl/lib/armv6-m\libc.a(__filll_mem.o)
 .debug_frame   0x00000718       0x28 C:/Freescale/CW MCU v10.6/MCU/ARM_GCC_Support/ewl/lib/armv6-m\libc.a(memchr.o)
 .debug_frame   0x00000740       0x28 C:/Freescale/CW MCU v10.6/MCU/ARM_GCC_Support/ewl/lib/armv6-m\libc.a(memcpy.o)
 .debug_frame   0x00000768       0x28 C:/Freescale/CW MCU v10.6/MCU/ARM_GCC_Support/ewl/lib/armv6-m\libc.a(strchr.o)
 .debug_frame   0x00000790       0x28 C:/Freescale/CW MCU v10.6/MCU/ARM_GCC_Support/ewl/lib/armv6-m\libc.a(strlen.o)
 .debug_frame   0x000007b8       0x20 c:/freescale/cw mcu v10.6/cross_tools/arm-none-eabi-gcc-4_7_3/bin/../lib/gcc/arm-none-eabi/4.7.3/armv6-m\libgcc.a(_udivsi3.o)
 .debug_frame   0x000007d8       0x20 c:/freescale/cw mcu v10.6/cross_tools/arm-none-eabi-gcc-4_7_3/bin/../lib/gcc/arm-none-eabi/4.7.3/armv6-m\libgcc.a(_divsi3.o)
 .debug_frame   0x000007f8       0x40 C:/Freescale/CW MCU v10.6/MCU/ARM_GCC_Support/ewl/lib/armv6-m\librt.a(gcc_ctor_dtor.o)
 .debug_frame   0x00000838       0x54 C:/Freescale/CW MCU v10.6/MCU/ARM_GCC_Support/ewl/lib/armv6-m\librt.a(ROMCopy.o)
 .debug_frame   0x0000088c       0xbc C:/Freescale/CW MCU v10.6/MCU/ARM_GCC_Support/ewl/lib/armv6-m\librt.a(__arm_eabi_init.o)
